../Core/Src/oled.c:7:6:OLED_WR_Byte	24	static
../Core/Src/oled.c:31:6:OLED_Refresh_Gram	16	static
../Core/Src/oled.c:46:6:OLED_Clear	16	static
../Core/Src/oled.c:56:6:OLED_Display_On	8	static
../Core/Src/oled.c:65:6:OLED_Display_Off	8	static
../Core/Src/oled.c:75:6:OLED_DrawPoint	24	static
../Core/Src/oled.c:88:6:OLED_ShowChar	32	static
../Core/Src/oled.c:113:10:oled_pow	24	static
../Core/Src/oled.c:123:6:OLED_ShowNumber	40	static
../Core/Src/oled.c:145:6:OLED_ShowString	24	static
../Core/Src/oled.c:159:6:OLED_Init	8	static
