../Core/Src/main.c:115:6:HAL_TIM_IC_CaptureCallback	16	static
../Core/Src/main.c:122:6:HAL_GPIO_EXTI_Callback	16	static
../Core/Src/main.c:142:6:MotorDrive_enable	8	static
../Core/Src/main.c:151:6:Motor_stop	4	static
../Core/Src/main.c:159:6:Motor_direction	16	static
../Core/Src/main.c:170:6:Motor_forward	16	static
../Core/Src/main.c:181:6:Motor_reverse	16	static
../Core/Src/main.c:193:9:PID_Control	8	static
../Core/Src/main.c:253:6:serial_uart	8	static
../Core/Src/main.c:319:5:main	32	static
../Core/Src/main.c:512:6:SystemClock_Config	88	static
../Core/Src/main.c:558:13:MX_I2C2_Init	8	static
../Core/Src/main.c:592:13:MX_TIM1_Init	96	static
../Core/Src/main.c:680:13:MX_TIM2_Init	56	static
../Core/Src/main.c:729:13:MX_TIM3_Init	64	static
../Core/Src/main.c:788:13:MX_TIM4_Init	64	static
../Core/Src/main.c:851:13:MX_TIM5_Init	56	static
../Core/Src/main.c:900:13:MX_TIM8_Init	32	static
../Core/Src/main.c:946:13:MX_TIM11_Init	40	static
../Core/Src/main.c:991:13:MX_USART2_UART_Init	8	static
../Core/Src/main.c:1024:13:MX_USART3_UART_Init	8	static
../Core/Src/main.c:1057:13:MX_GPIO_Init	56	static
../Core/Src/main.c:1123:6:Error_Handler	4	static,ignoring_inline_asm
