17:09:46 **** Incremental Build of configuration Debug for project Lab4 ****
make -j16 all 
arm-none-eabi-gcc "../Core/Src/main.c" -mcpu=cortex-m4 -std=gnu11 -g3 -DDEBUG -DUSE_HAL_DRIVER -DSTM32F407xx -c -I../Core/Inc -I../Drivers/STM32F4xx_HAL_Driver/Inc -I../Drivers/STM32F4xx_HAL_Driver/Inc/Legacy -I../Drivers/CMSIS/Device/ST/STM32F4xx/Include -I../Drivers/CMSIS/Include -O0 -ffunction-sections -fdata-sections -Wall -fstack-usage -MMD -MP -MF"Core/Src/main.d" -MT"Core/Src/main.o" --specs=nano.specs -mfpu=fpv4-sp-d16 -mfloat-abi=hard -mthumb -o "Core/Src/main.o"
../Core/Src/main.c: In function 'Motor_forward':
../Core/Src/main.c:176:5: warning: implicit declaration of function 'sprintf' [-Wimplicit-function-declaration]
  176 |     sprintf(buf, "PWM = %4dF ", pwmVal);
      |     ^~~~~~~
../Core/Src/main.c:176:5: warning: incompatible implicit declaration of built-in function 'sprintf'
../Core/Src/main.c:60:1: note: include '<stdio.h>' or provide a declaration of 'sprintf'
   59 | #include <math.h>
  +++ |+#include <stdio.h>
   60 | 
../Core/Src/main.c:177:28: warning: pointer targets in passing argument 3 of 'OLED_ShowString' differ in signedness [-Wpointer-sign]
  177 |     OLED_ShowString(0, 20, buf);
      |                            ^~~
      |                            |
      |                            char *
In file included from ../Core/Src/main.c:24:
../Core/Inc/oled.h:49:57: note: expected 'const uint8_t *' {aka 'const unsigned char *'} but argument is of type 'char *'
   49 | void OLED_ShowString(uint8_t x,uint8_t y,const uint8_t *p);
      |                                          ~~~~~~~~~~~~~~~^
../Core/Src/main.c: In function 'Motor_reverse':
../Core/Src/main.c:187:5: warning: incompatible implicit declaration of built-in function 'sprintf'
  187 |     sprintf(buf, "PWM = %4dR ", pwmVal);
      |     ^~~~~~~
../Core/Src/main.c:187:5: note: include '<stdio.h>' or provide a declaration of 'sprintf'
../Core/Src/main.c:188:28: warning: pointer targets in passing argument 3 of 'OLED_ShowString' differ in signedness [-Wpointer-sign]
  188 |     OLED_ShowString(0, 20, buf);
      |                            ^~~
      |                            |
      |                            char *
In file included from ../Core/Src/main.c:24:
../Core/Inc/oled.h:49:57: note: expected 'const uint8_t *' {aka 'const unsigned char *'} but argument is of type 'char *'
   49 | void OLED_ShowString(uint8_t x,uint8_t y,const uint8_t *p);
      |                                          ~~~~~~~~~~~~~~~^
../Core/Src/main.c: In function 'PID_Control':
../Core/Src/main.c:195:8: warning: implicit declaration of function 'abs' [-Wimplicit-function-declaration]
  195 |    if (abs(error)>2){ //more than 2 degree difference
      |        ^~~
../Core/Src/main.c:200:8: warning: incompatible implicit declaration of built-in function 'sprintf'
  200 |        sprintf(buf, "error = %5d, ", (int)error);
      |        ^~~~~~~
../Core/Src/main.c:200:8: note: include '<stdio.h>' or provide a declaration of 'sprintf'
../Core/Src/main.c:201:35: warning: pointer targets in passing argument 2 of 'HAL_UART_Transmit' differ in signedness [-Wpointer-sign]
  201 |        HAL_UART_Transmit(&huart2, buf, 14, HAL_MAX_DELAY); // Send through BT @9600
      |                                   ^~~
      |                                   |
      |                                   char *
In file included from ../Core/Inc/stm32f4xx_hal_conf.h:407,
                 from ../Drivers/STM32F4xx_HAL_Driver/Inc/stm32f4xx_hal.h:29,
                 from ../Core/Inc/main.h:30,
                 from ../Core/Src/main.c:20:
../Drivers/STM32F4xx_HAL_Driver/Inc/stm32f4xx_hal_uart.h:722:79: note: expected 'const uint8_t *' {aka 'const unsigned char *'} but argument is of type 'char *'
  722 | HAL_StatusTypeDef HAL_UART_Transmit(UART_HandleTypeDef *huart, const uint8_t *pData, uint16_t Size, uint32_t Timeout);
      |                                                                ~~~~~~~~~~~~~~~^~~~~
../Core/Src/main.c:203:35: warning: pointer targets in passing argument 2 of 'HAL_UART_Transmit' differ in signedness [-Wpointer-sign]
  203 |        HAL_UART_Transmit(&huart2, buf, 14, HAL_MAX_DELAY); // Send through BT @9600
      |                                   ^~~
      |                                   |
      |                                   char *
In file included from ../Core/Inc/stm32f4xx_hal_conf.h:407,
                 from ../Drivers/STM32F4xx_HAL_Driver/Inc/stm32f4xx_hal.h:29,
                 from ../Core/Inc/main.h:30,
                 from ../Core/Src/main.c:20:
../Drivers/STM32F4xx_HAL_Driver/Inc/stm32f4xx_hal_uart.h:722:79: note: expected 'const uint8_t *' {aka 'const unsigned char *'} but argument is of type 'char *'
  722 | HAL_StatusTypeDef HAL_UART_Transmit(UART_HandleTypeDef *huart, const uint8_t *pData, uint16_t Size, uint32_t Timeout);
      |                                                                ~~~~~~~~~~~~~~~^~~~~
../Core/Src/main.c:239:27: warning: format '%d' expects argument of type 'int', but argument 3 has type 'int32_t' {aka 'long int'} [-Wformat=]
  239 |   sprintf(buf, " Praw = %6d, ", pwmVal_raw);
      |                         ~~^     ~~~~~~~~~~
      |                           |     |
      |                           int   int32_t {aka long int}
      |                         %6ld
../Core/Src/main.c:240:30: warning: pointer targets in passing argument 2 of 'HAL_UART_Transmit' differ in signedness [-Wpointer-sign]
  240 |   HAL_UART_Transmit(&huart2, buf, 17, HAL_MAX_DELAY); // Send through BT @9600
      |                              ^~~
      |                              |
      |                              char *
In file included from ../Core/Inc/stm32f4xx_hal_conf.h:407,
                 from ../Drivers/STM32F4xx_HAL_Driver/Inc/stm32f4xx_hal.h:29,
                 from ../Core/Inc/main.h:30,
                 from ../Core/Src/main.c:20:
../Drivers/STM32F4xx_HAL_Driver/Inc/stm32f4xx_hal_uart.h:722:79: note: expected 'const uint8_t *' {aka 'const unsigned char *'} but argument is of type 'char *'
  722 | HAL_StatusTypeDef HAL_UART_Transmit(UART_HandleTypeDef *huart, const uint8_t *pData, uint16_t Size, uint32_t Timeout);
      |                                                                ~~~~~~~~~~~~~~~^~~~~
../Core/Src/main.c:242:26: warning: format '%d' expects argument of type 'int', but argument 3 has type 'int32_t' {aka 'long int'} [-Wformat=]
  242 |   sprintf(buf, " Pwm = %6d ", pwmVal);
      |                        ~~^    ~~~~~~
      |                          |    |
      |                          int  int32_t {aka long int}
      |                        %6ld
../Core/Src/main.c:243:30: warning: pointer targets in passing argument 2 of 'HAL_UART_Transmit' differ in signedness [-Wpointer-sign]
  243 |   HAL_UART_Transmit(&huart2, buf, 17, HAL_MAX_DELAY); // Send through BT @9600
      |                              ^~~
      |                              |
      |                              char *
In file included from ../Core/Inc/stm32f4xx_hal_conf.h:407,
                 from ../Drivers/STM32F4xx_HAL_Driver/Inc/stm32f4xx_hal.h:29,
                 from ../Core/Inc/main.h:30,
                 from ../Core/Src/main.c:20:
../Drivers/STM32F4xx_HAL_Driver/Inc/stm32f4xx_hal_uart.h:722:79: note: expected 'const uint8_t *' {aka 'const unsigned char *'} but argument is of type 'char *'
  722 | HAL_StatusTypeDef HAL_UART_Transmit(UART_HandleTypeDef *huart, const uint8_t *pData, uint16_t Size, uint32_t Timeout);
      |                                                                ~~~~~~~~~~~~~~~^~~~~
../Core/Src/main.c:247:30: warning: pointer targets in passing argument 2 of 'HAL_UART_Transmit' differ in signedness [-Wpointer-sign]
  247 |   HAL_UART_Transmit(&huart2, buf, 2, HAL_MAX_DELAY); // Send through USB port
      |                              ^~~
      |                              |
      |                              char *
In file included from ../Core/Inc/stm32f4xx_hal_conf.h:407,
                 from ../Drivers/STM32F4xx_HAL_Driver/Inc/stm32f4xx_hal.h:29,
                 from ../Core/Inc/main.h:30,
                 from ../Core/Src/main.c:20:
../Drivers/STM32F4xx_HAL_Driver/Inc/stm32f4xx_hal_uart.h:722:79: note: expected 'const uint8_t *' {aka 'const unsigned char *'} but argument is of type 'char *'
  722 | HAL_StatusTypeDef HAL_UART_Transmit(UART_HandleTypeDef *huart, const uint8_t *pData, uint16_t Size, uint32_t Timeout);
      |                                                                ~~~~~~~~~~~~~~~^~~~~
../Core/Src/main.c: In function 'serial_uart':
../Core/Src/main.c:257:5: warning: incompatible implicit declaration of built-in function 'sprintf'
  257 |     sprintf(buf, "%5d", angle);
      |     ^~~~~~~
../Core/Src/main.c:257:5: note: include '<stdio.h>' or provide a declaration of 'sprintf'
../Core/Src/main.c:258:32: warning: pointer targets in passing argument 3 of 'OLED_ShowString' differ in signedness [-Wpointer-sign]
  258 |        OLED_ShowString(60, 10, buf);
      |                                ^~~
      |                                |
      |                                char *
In file included from ../Core/Src/main.c:24:
../Core/Inc/oled.h:49:57: note: expected 'const uint8_t *' {aka 'const unsigned char *'} but argument is of type 'char *'
   49 | void OLED_ShowString(uint8_t x,uint8_t y,const uint8_t *p);
      |                                          ~~~~~~~~~~~~~~~^
../Core/Src/main.c:260:35: warning: pointer targets in passing argument 2 of 'HAL_UART_Transmit' differ in signedness [-Wpointer-sign]
  260 |        HAL_UART_Transmit(&huart3, buf, 5, HAL_MAX_DELAY); // Send to Uart3 USB port
      |                                   ^~~
      |                                   |
      |                                   char *
In file included from ../Core/Inc/stm32f4xx_hal_conf.h:407,
                 from ../Drivers/STM32F4xx_HAL_Driver/Inc/stm32f4xx_hal.h:29,
                 from ../Core/Inc/main.h:30,
                 from ../Core/Src/main.c:20:
../Drivers/STM32F4xx_HAL_Driver/Inc/stm32f4xx_hal_uart.h:722:79: note: expected 'const uint8_t *' {aka 'const unsigned char *'} but argument is of type 'char *'
  722 | HAL_StatusTypeDef HAL_UART_Transmit(UART_HandleTypeDef *huart, const uint8_t *pData, uint16_t Size, uint32_t Timeout);
      |                                                                ~~~~~~~~~~~~~~~^~~~~
../Core/Src/main.c:263:35: warning: pointer targets in passing argument 2 of 'HAL_UART_Transmit' differ in signedness [-Wpointer-sign]
  263 |        HAL_UART_Transmit(&huart3, buf, 1, HAL_MAX_DELAY); // Send to Uart3 USB port
      |                                   ^~~
      |                                   |
      |                                   char *
In file included from ../Core/Inc/stm32f4xx_hal_conf.h:407,
                 from ../Drivers/STM32F4xx_HAL_Driver/Inc/stm32f4xx_hal.h:29,
                 from ../Core/Inc/main.h:30,
                 from ../Core/Src/main.c:20:
../Drivers/STM32F4xx_HAL_Driver/Inc/stm32f4xx_hal_uart.h:722:79: note: expected 'const uint8_t *' {aka 'const unsigned char *'} but argument is of type 'char *'
  722 | HAL_StatusTypeDef HAL_UART_Transmit(UART_HandleTypeDef *huart, const uint8_t *pData, uint16_t Size, uint32_t Timeout);
      |                                                                ~~~~~~~~~~~~~~~^~~~~
../Core/Src/main.c:266:35: warning: pointer targets in passing argument 2 of 'HAL_UART_Transmit' differ in signedness [-Wpointer-sign]
  266 |        HAL_UART_Transmit(&huart3, buf, 5, HAL_MAX_DELAY); // Send to Uart3 USB port
      |                                   ^~~
      |                                   |
      |                                   char *
In file included from ../Core/Inc/stm32f4xx_hal_conf.h:407,
                 from ../Drivers/STM32F4xx_HAL_Driver/Inc/stm32f4xx_hal.h:29,
                 from ../Core/Inc/main.h:30,
                 from ../Core/Src/main.c:20:
../Drivers/STM32F4xx_HAL_Driver/Inc/stm32f4xx_hal_uart.h:722:79: note: expected 'const uint8_t *' {aka 'const unsigned char *'} but argument is of type 'char *'
  722 | HAL_StatusTypeDef HAL_UART_Transmit(UART_HandleTypeDef *huart, const uint8_t *pData, uint16_t Size, uint32_t Timeout);
      |                                                                ~~~~~~~~~~~~~~~^~~~~
../Core/Src/main.c:269:35: warning: pointer targets in passing argument 2 of 'HAL_UART_Transmit' differ in signedness [-Wpointer-sign]
  269 |        HAL_UART_Transmit(&huart3, buf, 1, HAL_MAX_DELAY); // Send to Uart3 USB port
      |                                   ^~~
      |                                   |
      |                                   char *
In file included from ../Core/Inc/stm32f4xx_hal_conf.h:407,
                 from ../Drivers/STM32F4xx_HAL_Driver/Inc/stm32f4xx_hal.h:29,
                 from ../Core/Inc/main.h:30,
                 from ../Core/Src/main.c:20:
../Drivers/STM32F4xx_HAL_Driver/Inc/stm32f4xx_hal_uart.h:722:79: note: expected 'const uint8_t *' {aka 'const unsigned char *'} but argument is of type 'char *'
  722 | HAL_StatusTypeDef HAL_UART_Transmit(UART_HandleTypeDef *huart, const uint8_t *pData, uint16_t Size, uint32_t Timeout);
      |                                                                ~~~~~~~~~~~~~~~^~~~~
../Core/Src/main.c:272:35: warning: pointer targets in passing argument 2 of 'HAL_UART_Transmit' differ in signedness [-Wpointer-sign]
  272 |        HAL_UART_Transmit(&huart3, buf, 5, HAL_MAX_DELAY); // Send to Uart3 USB port
      |                                   ^~~
      |                                   |
      |                                   char *
In file included from ../Core/Inc/stm32f4xx_hal_conf.h:407,
                 from ../Drivers/STM32F4xx_HAL_Driver/Inc/stm32f4xx_hal.h:29,
                 from ../Core/Inc/main.h:30,
                 from ../Core/Src/main.c:20:
../Drivers/STM32F4xx_HAL_Driver/Inc/stm32f4xx_hal_uart.h:722:79: note: expected 'const uint8_t *' {aka 'const unsigned char *'} but argument is of type 'char *'
  722 | HAL_StatusTypeDef HAL_UART_Transmit(UART_HandleTypeDef *huart, const uint8_t *pData, uint16_t Size, uint32_t Timeout);
      |                                                                ~~~~~~~~~~~~~~~^~~~~
../Core/Src/main.c:275:35: warning: pointer targets in passing argument 2 of 'HAL_UART_Transmit' differ in signedness [-Wpointer-sign]
  275 |        HAL_UART_Transmit(&huart3, buf, 1, HAL_MAX_DELAY); // Send to Uart3 USB port
      |                                   ^~~
      |                                   |
      |                                   char *
In file included from ../Core/Inc/stm32f4xx_hal_conf.h:407,
                 from ../Drivers/STM32F4xx_HAL_Driver/Inc/stm32f4xx_hal.h:29,
                 from ../Core/Inc/main.h:30,
                 from ../Core/Src/main.c:20:
../Drivers/STM32F4xx_HAL_Driver/Inc/stm32f4xx_hal_uart.h:722:79: note: expected 'const uint8_t *' {aka 'const unsigned char *'} but argument is of type 'char *'
  722 | HAL_StatusTypeDef HAL_UART_Transmit(UART_HandleTypeDef *huart, const uint8_t *pData, uint16_t Size, uint32_t Timeout);
      |                                                                ~~~~~~~~~~~~~~~^~~~~
../Core/Src/main.c:277:24: warning: format '%d' expects argument of type 'int', but argument 3 has type 'int32_t' {aka 'long int'} [-Wformat=]
  277 |        sprintf(buf, "%5d", pwmVal);
      |                      ~~^   ~~~~~~
      |                        |   |
      |                        int int32_t {aka long int}
      |                      %5ld
../Core/Src/main.c:278:35: warning: pointer targets in passing argument 2 of 'HAL_UART_Transmit' differ in signedness [-Wpointer-sign]
  278 |        HAL_UART_Transmit(&huart3, buf, 5, HAL_MAX_DELAY); // Send to Uart3 USB port
      |                                   ^~~
      |                                   |
      |                                   char *
In file included from ../Core/Inc/stm32f4xx_hal_conf.h:407,
                 from ../Drivers/STM32F4xx_HAL_Driver/Inc/stm32f4xx_hal.h:29,
                 from ../Core/Inc/main.h:30,
                 from ../Core/Src/main.c:20:
../Drivers/STM32F4xx_HAL_Driver/Inc/stm32f4xx_hal_uart.h:722:79: note: expected 'const uint8_t *' {aka 'const unsigned char *'} but argument is of type 'char *'
  722 | HAL_StatusTypeDef HAL_UART_Transmit(UART_HandleTypeDef *huart, const uint8_t *pData, uint16_t Size, uint32_t Timeout);
      |                                                                ~~~~~~~~~~~~~~~^~~~~
../Core/Src/main.c:279:32: warning: pointer targets in passing argument 3 of 'OLED_ShowString' differ in signedness [-Wpointer-sign]
  279 |        OLED_ShowString(40, 20, buf);
      |                                ^~~
      |                                |
      |                                char *
In file included from ../Core/Src/main.c:24:
../Core/Inc/oled.h:49:57: note: expected 'const uint8_t *' {aka 'const unsigned char *'} but argument is of type 'char *'
   49 | void OLED_ShowString(uint8_t x,uint8_t y,const uint8_t *p);
      |                                          ~~~~~~~~~~~~~~~^
../Core/Src/main.c:282:35: warning: pointer targets in passing argument 2 of 'HAL_UART_Transmit' differ in signedness [-Wpointer-sign]
  282 |        HAL_UART_Transmit(&huart3, buf, 1, HAL_MAX_DELAY); // Send to Uart3 USB port
      |                                   ^~~
      |                                   |
      |                                   char *
In file included from ../Core/Inc/stm32f4xx_hal_conf.h:407,
                 from ../Drivers/STM32F4xx_HAL_Driver/Inc/stm32f4xx_hal.h:29,
                 from ../Core/Inc/main.h:30,
                 from ../Core/Src/main.c:20:
../Drivers/STM32F4xx_HAL_Driver/Inc/stm32f4xx_hal_uart.h:722:79: note: expected 'const uint8_t *' {aka 'const unsigned char *'} but argument is of type 'char *'
  722 | HAL_StatusTypeDef HAL_UART_Transmit(UART_HandleTypeDef *huart, const uint8_t *pData, uint16_t Size, uint32_t Timeout);
      |                                                                ~~~~~~~~~~~~~~~^~~~~
../Core/Src/main.c:284:24: warning: format '%d' expects argument of type 'int', but argument 3 has type 'int32_t' {aka 'long int'} [-Wformat=]
  284 |        sprintf(buf, "%5d", error_area);
      |                      ~~^   ~~~~~~~~~~
      |                        |   |
      |                        int int32_t {aka long int}
      |                      %5ld
../Core/Src/main.c:285:35: warning: pointer targets in passing argument 2 of 'HAL_UART_Transmit' differ in signedness [-Wpointer-sign]
  285 |        HAL_UART_Transmit(&huart3, buf, 5, HAL_MAX_DELAY); // Send to Uart3 USB port
      |                                   ^~~
      |                                   |
      |                                   char *
In file included from ../Core/Inc/stm32f4xx_hal_conf.h:407,
                 from ../Drivers/STM32F4xx_HAL_Driver/Inc/stm32f4xx_hal.h:29,
                 from ../Core/Inc/main.h:30,
                 from ../Core/Src/main.c:20:
../Drivers/STM32F4xx_HAL_Driver/Inc/stm32f4xx_hal_uart.h:722:79: note: expected 'const uint8_t *' {aka 'const unsigned char *'} but argument is of type 'char *'
  722 | HAL_StatusTypeDef HAL_UART_Transmit(UART_HandleTypeDef *huart, const uint8_t *pData, uint16_t Size, uint32_t Timeout);
      |                                                                ~~~~~~~~~~~~~~~^~~~~
../Core/Src/main.c:288:35: warning: pointer targets in passing argument 2 of 'HAL_UART_Transmit' differ in signedness [-Wpointer-sign]
  288 |        HAL_UART_Transmit(&huart3, buf, 1, HAL_MAX_DELAY); // Send to Uart3 USB port
      |                                   ^~~
      |                                   |
      |                                   char *
In file included from ../Core/Inc/stm32f4xx_hal_conf.h:407,
                 from ../Drivers/STM32F4xx_HAL_Driver/Inc/stm32f4xx_hal.h:29,
                 from ../Core/Inc/main.h:30,
                 from ../Core/Src/main.c:20:
../Drivers/STM32F4xx_HAL_Driver/Inc/stm32f4xx_hal_uart.h:722:79: note: expected 'const uint8_t *' {aka 'const unsigned char *'} but argument is of type 'char *'
  722 | HAL_StatusTypeDef HAL_UART_Transmit(UART_HandleTypeDef *huart, const uint8_t *pData, uint16_t Size, uint32_t Timeout);
      |                                                                ~~~~~~~~~~~~~~~^~~~~
../Core/Src/main.c:290:24: warning: format '%d' expects argument of type 'int', but argument 3 has type 'int32_t' {aka 'long int'} [-Wformat=]
  290 |        sprintf(buf, "%5d", error_change);
      |                      ~~^   ~~~~~~~~~~~~
      |                        |   |
      |                        int int32_t {aka long int}
      |                      %5ld
../Core/Src/main.c:291:35: warning: pointer targets in passing argument 2 of 'HAL_UART_Transmit' differ in signedness [-Wpointer-sign]
  291 |        HAL_UART_Transmit(&huart3, buf, 5, HAL_MAX_DELAY); // Send to Uart3 USB port
      |                                   ^~~
      |                                   |
      |                                   char *
In file included from ../Core/Inc/stm32f4xx_hal_conf.h:407,
                 from ../Drivers/STM32F4xx_HAL_Driver/Inc/stm32f4xx_hal.h:29,
                 from ../Core/Inc/main.h:30,
                 from ../Core/Src/main.c:20:
../Drivers/STM32F4xx_HAL_Driver/Inc/stm32f4xx_hal_uart.h:722:79: note: expected 'const uint8_t *' {aka 'const unsigned char *'} but argument is of type 'char *'
  722 | HAL_StatusTypeDef HAL_UART_Transmit(UART_HandleTypeDef *huart, const uint8_t *pData, uint16_t Size, uint32_t Timeout);
      |                                                                ~~~~~~~~~~~~~~~^~~~~
../Core/Src/main.c:294:35: warning: pointer targets in passing argument 2 of 'HAL_UART_Transmit' differ in signedness [-Wpointer-sign]
  294 |        HAL_UART_Transmit(&huart3, buf, 1, HAL_MAX_DELAY); // Send to Uart3 USB port
      |                                   ^~~
      |                                   |
      |                                   char *
In file included from ../Core/Inc/stm32f4xx_hal_conf.h:407,
                 from ../Drivers/STM32F4xx_HAL_Driver/Inc/stm32f4xx_hal.h:29,
                 from ../Core/Inc/main.h:30,
                 from ../Core/Src/main.c:20:
../Drivers/STM32F4xx_HAL_Driver/Inc/stm32f4xx_hal_uart.h:722:79: note: expected 'const uint8_t *' {aka 'const unsigned char *'} but argument is of type 'char *'
  722 | HAL_StatusTypeDef HAL_UART_Transmit(UART_HandleTypeDef *huart, const uint8_t *pData, uint16_t Size, uint32_t Timeout);
      |                                                                ~~~~~~~~~~~~~~~^~~~~
../Core/Src/main.c:296:24: warning: format '%d' expects argument of type 'int', but argument 3 has type 'int32_t' {aka 'long int'} [-Wformat=]
  296 |        sprintf(buf, "%5d", error_rate);
      |                      ~~^   ~~~~~~~~~~
      |                        |   |
      |                        int int32_t {aka long int}
      |                      %5ld
../Core/Src/main.c:297:35: warning: pointer targets in passing argument 2 of 'HAL_UART_Transmit' differ in signedness [-Wpointer-sign]
  297 |        HAL_UART_Transmit(&huart3, buf, 5, HAL_MAX_DELAY); // Send to Uart3 USB port
      |                                   ^~~
      |                                   |
      |                                   char *
In file included from ../Core/Inc/stm32f4xx_hal_conf.h:407,
                 from ../Drivers/STM32F4xx_HAL_Driver/Inc/stm32f4xx_hal.h:29,
                 from ../Core/Inc/main.h:30,
                 from ../Core/Src/main.c:20:
../Drivers/STM32F4xx_HAL_Driver/Inc/stm32f4xx_hal_uart.h:722:79: note: expected 'const uint8_t *' {aka 'const unsigned char *'} but argument is of type 'char *'
  722 | HAL_StatusTypeDef HAL_UART_Transmit(UART_HandleTypeDef *huart, const uint8_t *pData, uint16_t Size, uint32_t Timeout);
      |                                                                ~~~~~~~~~~~~~~~^~~~~
../Core/Src/main.c:300:35: warning: pointer targets in passing argument 2 of 'HAL_UART_Transmit' differ in signedness [-Wpointer-sign]
  300 |        HAL_UART_Transmit(&huart3, buf, 1, HAL_MAX_DELAY); // Send to Uart3 USB port
      |                                   ^~~
      |                                   |
      |                                   char *
In file included from ../Core/Inc/stm32f4xx_hal_conf.h:407,
                 from ../Drivers/STM32F4xx_HAL_Driver/Inc/stm32f4xx_hal.h:29,
                 from ../Core/Inc/main.h:30,
                 from ../Core/Src/main.c:20:
../Drivers/STM32F4xx_HAL_Driver/Inc/stm32f4xx_hal_uart.h:722:79: note: expected 'const uint8_t *' {aka 'const unsigned char *'} but argument is of type 'char *'
  722 | HAL_StatusTypeDef HAL_UART_Transmit(UART_HandleTypeDef *huart, const uint8_t *pData, uint16_t Size, uint32_t Timeout);
      |                                                                ~~~~~~~~~~~~~~~^~~~~
../Core/Src/main.c:303:35: warning: pointer targets in passing argument 2 of 'HAL_UART_Transmit' differ in signedness [-Wpointer-sign]
  303 |        HAL_UART_Transmit(&huart3, buf, 5, HAL_MAX_DELAY); // Send to Uart3 USB port
      |                                   ^~~
      |                                   |
      |                                   char *
In file included from ../Core/Inc/stm32f4xx_hal_conf.h:407,
                 from ../Drivers/STM32F4xx_HAL_Driver/Inc/stm32f4xx_hal.h:29,
                 from ../Core/Inc/main.h:30,
                 from ../Core/Src/main.c:20:
../Drivers/STM32F4xx_HAL_Driver/Inc/stm32f4xx_hal_uart.h:722:79: note: expected 'const uint8_t *' {aka 'const unsigned char *'} but argument is of type 'char *'
  722 | HAL_StatusTypeDef HAL_UART_Transmit(UART_HandleTypeDef *huart, const uint8_t *pData, uint16_t Size, uint32_t Timeout);
      |                                                                ~~~~~~~~~~~~~~~^~~~~
../Core/Src/main.c:304:31: warning: pointer targets in passing argument 3 of 'OLED_ShowString' differ in signedness [-Wpointer-sign]
  304 |       OLED_ShowString(40, 30, buf);
      |                               ^~~
      |                               |
      |                               char *
In file included from ../Core/Src/main.c:24:
../Core/Inc/oled.h:49:57: note: expected 'const uint8_t *' {aka 'const unsigned char *'} but argument is of type 'char *'
   49 | void OLED_ShowString(uint8_t x,uint8_t y,const uint8_t *p);
      |                                          ~~~~~~~~~~~~~~~^
../Core/Src/main.c:309:35: warning: pointer targets in passing argument 2 of 'HAL_UART_Transmit' differ in signedness [-Wpointer-sign]
  309 |        HAL_UART_Transmit(&huart3, buf, 2, HAL_MAX_DELAY); // Send through USB port
      |                                   ^~~
      |                                   |
      |                                   char *
In file included from ../Core/Inc/stm32f4xx_hal_conf.h:407,
                 from ../Drivers/STM32F4xx_HAL_Driver/Inc/stm32f4xx_hal.h:29,
                 from ../Core/Inc/main.h:30,
                 from ../Core/Src/main.c:20:
../Drivers/STM32F4xx_HAL_Driver/Inc/stm32f4xx_hal_uart.h:722:79: note: expected 'const uint8_t *' {aka 'const unsigned char *'} but argument is of type 'char *'
  722 | HAL_StatusTypeDef HAL_UART_Transmit(UART_HandleTypeDef *huart, const uint8_t *pData, uint16_t Size, uint32_t Timeout);
      |                                                                ~~~~~~~~~~~~~~~^~~~~
../Core/Src/main.c: In function 'main':
../Core/Src/main.c:369:26: warning: pointer targets in passing argument 3 of 'OLED_ShowString' differ in signedness [-Wpointer-sign]
  369 |   OLED_ShowString(10, 5, "SC2104/CE3002"); // show message on OLED display at line 5)
      |                          ^~~~~~~~~~~~~~~
      |                          |
      |                          char *
In file included from ../Core/Src/main.c:24:
../Core/Inc/oled.h:49:57: note: expected 'const uint8_t *' {aka 'const unsigned char *'} but argument is of type 'char *'
   49 | void OLED_ShowString(uint8_t x,uint8_t y,const uint8_t *p);
      |                                          ~~~~~~~~~~~~~~~^
../Core/Src/main.c:370:27: warning: pointer targets in passing argument 3 of 'OLED_ShowString' differ in signedness [-Wpointer-sign]
  370 |   OLED_ShowString(40, 30, "Lab 4"); // show message on OLED display at line 30)
      |                           ^~~~~~~
      |                           |
      |                           char *
In file included from ../Core/Src/main.c:24:
../Core/Inc/oled.h:49:57: note: expected 'const uint8_t *' {aka 'const unsigned char *'} but argument is of type 'char *'
   49 | void OLED_ShowString(uint8_t x,uint8_t y,const uint8_t *p);
      |                                          ~~~~~~~~~~~~~~~^
../Core/Src/main.c:371:12: warning: pointer targets in assignment from 'char *' to 'uint8_t *' {aka 'unsigned char *'} differ in signedness [-Wpointer-sign]
  371 |   oled_buf = "Motor Control"; // anther way to show message through buffer
      |            ^
../Core/Src/main.c:397:25: warning: pointer targets in passing argument 3 of 'OLED_ShowString' differ in signedness [-Wpointer-sign]
  397 |   OLED_ShowString(0, 0, "Target: ");
      |                         ^~~~~~~~~~
      |                         |
      |                         char *
In file included from ../Core/Src/main.c:24:
../Core/Inc/oled.h:49:57: note: expected 'const uint8_t *' {aka 'const unsigned char *'} but argument is of type 'char *'
   49 | void OLED_ShowString(uint8_t x,uint8_t y,const uint8_t *p);
      |                                          ~~~~~~~~~~~~~~~^
../Core/Src/main.c:398:26: warning: pointer targets in passing argument 3 of 'OLED_ShowString' differ in signedness [-Wpointer-sign]
  398 |   OLED_ShowString(0, 10, "Rotated: ");
      |                          ^~~~~~~~~~~
      |                          |
      |                          char *
In file included from ../Core/Src/main.c:24:
../Core/Inc/oled.h:49:57: note: expected 'const uint8_t *' {aka 'const unsigned char *'} but argument is of type 'char *'
   49 | void OLED_ShowString(uint8_t x,uint8_t y,const uint8_t *p);
      |                                          ~~~~~~~~~~~~~~~^
../Core/Src/main.c:399:26: warning: pointer targets in passing argument 3 of 'OLED_ShowString' differ in signedness [-Wpointer-sign]
  399 |   OLED_ShowString(0, 30, "RPM = ");
      |                          ^~~~~~~~
      |                          |
      |                          char *
In file included from ../Core/Src/main.c:24:
../Core/Inc/oled.h:49:57: note: expected 'const uint8_t *' {aka 'const unsigned char *'} but argument is of type 'char *'
   49 | void OLED_ShowString(uint8_t x,uint8_t y,const uint8_t *p);
      |                                          ~~~~~~~~~~~~~~~^
../Core/Src/main.c:400:3: warning: incompatible implicit declaration of built-in function 'sprintf'
  400 |   sprintf(buf, "%4d", target_angle);//Hall Sensor = 26 poles/13 pulses, DC motor = 20x13 = 260 pulse per revolution
      |   ^~~~~~~
../Core/Src/main.c:400:3: note: include '<stdio.h>' or provide a declaration of 'sprintf'
../Core/Src/main.c:401:26: warning: pointer targets in passing argument 3 of 'OLED_ShowString' differ in signedness [-Wpointer-sign]
  401 |   OLED_ShowString(60, 0, buf);
      |                          ^~~
      |                          |
      |                          char *
In file included from ../Core/Src/main.c:24:
../Core/Inc/oled.h:49:57: note: expected 'const uint8_t *' {aka 'const unsigned char *'} but argument is of type 'char *'
   49 | void OLED_ShowString(uint8_t x,uint8_t y,const uint8_t *p);
      |                                          ~~~~~~~~~~~~~~~^
../Core/Src/main.c:403:27: warning: pointer targets in passing argument 3 of 'OLED_ShowString' differ in signedness [-Wpointer-sign]
  403 |   OLED_ShowString(15, 40, "Press User"); // show message on OLED display at line 40)
      |                           ^~~~~~~~~~~~
      |                           |
      |                           char *
In file included from ../Core/Src/main.c:24:
../Core/Inc/oled.h:49:57: note: expected 'const uint8_t *' {aka 'const unsigned char *'} but argument is of type 'char *'
   49 | void OLED_ShowString(uint8_t x,uint8_t y,const uint8_t *p);
      |                                          ~~~~~~~~~~~~~~~^
../Core/Src/main.c:404:26: warning: pointer targets in passing argument 3 of 'OLED_ShowString' differ in signedness [-Wpointer-sign]
  404 |   OLED_ShowString(0, 50, "button to stop"); // show message on OLED display at line 50)
      |                          ^~~~~~~~~~~~~~~~
      |                          |
      |                          char *
In file included from ../Core/Src/main.c:24:
../Core/Inc/oled.h:49:57: note: expected 'const uint8_t *' {aka 'const unsigned char *'} but argument is of type 'char *'
   49 | void OLED_ShowString(uint8_t x,uint8_t y,const uint8_t *p);
      |                                          ~~~~~~~~~~~~~~~^
../Core/Src/main.c:426:34: warning: pointer targets in passing argument 3 of 'OLED_ShowString' differ in signedness [-Wpointer-sign]
  426 |          OLED_ShowString(15, 40, "Press User"); // show message on OLED display at line 40)
      |                                  ^~~~~~~~~~~~
      |                                  |
      |                                  char *
In file included from ../Core/Src/main.c:24:
../Core/Inc/oled.h:49:57: note: expected 'const uint8_t *' {aka 'const unsigned char *'} but argument is of type 'char *'
   49 | void OLED_ShowString(uint8_t x,uint8_t y,const uint8_t *p);
      |                                          ~~~~~~~~~~~~~~~^
../Core/Src/main.c:427:33: warning: pointer targets in passing argument 3 of 'OLED_ShowString' differ in signedness [-Wpointer-sign]
  427 |          OLED_ShowString(0, 50, "button to start"); // show message on OLED display at line 50)
      |                                 ^~~~~~~~~~~~~~~~~
      |                                 |
      |                                 char *
In file included from ../Core/Src/main.c:24:
../Core/Inc/oled.h:49:57: note: expected 'const uint8_t *' {aka 'const unsigned char *'} but argument is of type 'char *'
   49 | void OLED_ShowString(uint8_t x,uint8_t y,const uint8_t *p);
      |                                          ~~~~~~~~~~~~~~~^
../Core/Src/main.c:478:31: warning: pointer targets in passing argument 3 of 'OLED_ShowString' differ in signedness [-Wpointer-sign]
  478 |       OLED_ShowString(15, 40, "Press User"); // show message on OLED display at line 40)
      |                               ^~~~~~~~~~~~
      |                               |
      |                               char *
In file included from ../Core/Src/main.c:24:
../Core/Inc/oled.h:49:57: note: expected 'const uint8_t *' {aka 'const unsigned char *'} but argument is of type 'char *'
   49 | void OLED_ShowString(uint8_t x,uint8_t y,const uint8_t *p);
      |                                          ~~~~~~~~~~~~~~~^
../Core/Src/main.c:479:30: warning: pointer targets in passing argument 3 of 'OLED_ShowString' differ in signedness [-Wpointer-sign]
  479 |       OLED_ShowString(0, 50, "button to stop "); // show message on OLED display at line 50)
      |                              ^~~~~~~~~~~~~~~~~
      |                              |
      |                              char *
In file included from ../Core/Src/main.c:24:
../Core/Inc/oled.h:49:57: note: expected 'const uint8_t *' {aka 'const unsigned char *'} but argument is of type 'char *'
   49 | void OLED_ShowString(uint8_t x,uint8_t y,const uint8_t *p);
      |                                          ~~~~~~~~~~~~~~~^
../Core/Src/main.c:323:14: warning: unused variable 'status' [-Wunused-variable]
  323 |   uint8_t i, status; // status for checking return
      |              ^~~~~~
../Core/Src/main.c: In function 'PID_Control':
../Core/Src/main.c:251:1: warning: control reaches end of non-void function [-Wreturn-type]
  251 | }
      | ^
arm-none-eabi-gcc -o "Lab4.elf" @"objects.list"   -mcpu=cortex-m4 -T"C:\Users\lo0001ui\Downloads\Lab4(2)\Lab4\STM32F407VETX_FLASH.ld" --specs=nosys.specs -Wl,-Map="Lab4.map" -Wl,--gc-sections -static --specs=nano.specs -mfpu=fpv4-sp-d16 -mfloat-abi=hard -mthumb -Wl,--start-group -lc -lm -Wl,--end-group
Finished building target: Lab4.elf
 
arm-none-eabi-size   Lab4.elf 
arm-none-eabi-objdump -h -S  Lab4.elf  > "Lab4.list"
   text	   data	    bss	    dec	    hex	filename
  28368	    124	   3436	  31928	   7cb8	Lab4.elf
Finished building: default.size.stdout
 
Finished building: Lab4.list
 

17:09:47 Build Finished. 0 errors, 54 warnings. (took 1s.109ms)

