Component: ARM Compiler 5.06 update 7 (build 960) Tool: armlink [4d3601]

==============================================================================

Section Cross References

    main.o(i.main) refers to system.o(i.systemInit) for systemInit
    main.o(i.main) refers to uart3.o(i.uart3_init) for uart3_init
    main.o(i.main) refers to tasks.o(i.xTaskCreate) for xTaskCreate
    main.o(i.main) refers to timers.o(i.xTimerCreate) for xTimerCreate
    main.o(i.main) refers to tasks.o(i.xTaskGetTickCount) for xTaskGetTickCount
    main.o(i.main) refers to timers.o(i.xTimerGenericCommand) for xTimerGenericCommand
    main.o(i.main) refers to tasks.o(i.vTaskStartScheduler) for vTaskStartScheduler
    main.o(i.main) refers to main.o(.data) for .data
    main.o(i.main) refers to main.o(i.start_task) for start_task
    main.o(i.main) refers to led.o(i.led_task) for led_task
    main.o(i.start_task) refers to port.o(i.vPortEnterCritical) for vPortEnterCritical
    main.o(i.start_task) refers to tasks.o(i.xTaskCreate) for xTaskCreate
    main.o(i.start_task) refers to tasks.o(i.vTaskDelete) for vTaskDelete
    main.o(i.start_task) refers to port.o(i.vPortExitCritical) for vPortExitCritical
    main.o(i.start_task) refers to song.o(i.song_task) for song_task
    main.o(i.start_task) refers to uart3.o(i.show_uart) for show_uart
    main.o(i.start_task) refers to main.o(.data) for .data
    delay.o(i.SysTick_Handler) refers to tasks.o(i.xTaskGetSchedulerState) for xTaskGetSchedulerState
    delay.o(i.SysTick_Handler) refers to port.o(i.xPortSysTickHandler) for xPortSysTickHandler
    delay.o(i.delay_init) refers to misc.o(i.SysTick_CLKSourceConfig) for SysTick_CLKSourceConfig
    delay.o(i.delay_init) refers to delay.o(.data) for .data
    delay.o(i.delay_ms) refers to tasks.o(i.xTaskGetSchedulerState) for xTaskGetSchedulerState
    delay.o(i.delay_ms) refers to tasks.o(i.vTaskDelay) for vTaskDelay
    delay.o(i.delay_ms) refers to delay.o(i.delay_us) for delay_us
    delay.o(i.delay_ms) refers to delay.o(.data) for .data
    delay.o(i.delay_us) refers to delay.o(.data) for .data
    delay.o(i.delay_xms) refers to delay.o(i.delay_us) for delay_us
    delay.o(i.getSysTickCnt) refers to tasks.o(i.xTaskGetSchedulerState) for xTaskGetSchedulerState
    delay.o(i.getSysTickCnt) refers to tasks.o(i.xTaskGetTickCount) for xTaskGetTickCount
    delay.o(i.getSysTickCnt) refers to delay.o(.data) for .data
    system.o(i.systemInit) refers to misc.o(i.NVIC_PriorityGroupConfig) for NVIC_PriorityGroupConfig
    system.o(i.systemInit) refers to delay.o(i.delay_init) for delay_init
    system.o(i.systemInit) refers to led.o(i.LED_Init) for LED_Init
    system.o(i.systemInit) refers to buzzer.o(i.BUZZER_Init) for BUZZER_Init
    system.o(i.systemInit) refers to oled.o(i.OLED_Init) for OLED_Init
    system.o(i.systemInit) refers to song.o(i.Button_Init) for Button_Init
    system_stm32f4xx.o(i.SystemCoreClockUpdate) refers to system_stm32f4xx.o(.data) for .data
    system_stm32f4xx.o(i.SystemInit) refers to system_stm32f4xx.o(i.SetSysClock) for SetSysClock
    startup_stm32f40_41xxx.o(STACK) refers (Special) to heapauxi.o(.text) for __use_two_region_memory
    startup_stm32f40_41xxx.o(HEAP) refers (Special) to heapauxi.o(.text) for __use_two_region_memory
    startup_stm32f40_41xxx.o(RESET) refers (Special) to heapauxi.o(.text) for __use_two_region_memory
    startup_stm32f40_41xxx.o(RESET) refers to startup_stm32f40_41xxx.o(STACK) for __initial_sp
    startup_stm32f40_41xxx.o(RESET) refers to startup_stm32f40_41xxx.o(.text) for Reset_Handler
    startup_stm32f40_41xxx.o(RESET) refers to stm32f4xx_it.o(i.NMI_Handler) for NMI_Handler
    startup_stm32f40_41xxx.o(RESET) refers to stm32f4xx_it.o(i.HardFault_Handler) for HardFault_Handler
    startup_stm32f40_41xxx.o(RESET) refers to stm32f4xx_it.o(i.MemManage_Handler) for MemManage_Handler
    startup_stm32f40_41xxx.o(RESET) refers to stm32f4xx_it.o(i.BusFault_Handler) for BusFault_Handler
    startup_stm32f40_41xxx.o(RESET) refers to stm32f4xx_it.o(i.UsageFault_Handler) for UsageFault_Handler
    startup_stm32f40_41xxx.o(RESET) refers to port.o(.emb_text) for SVC_Handler
    startup_stm32f40_41xxx.o(RESET) refers to stm32f4xx_it.o(i.DebugMon_Handler) for DebugMon_Handler
    startup_stm32f40_41xxx.o(RESET) refers to delay.o(i.SysTick_Handler) for SysTick_Handler
    startup_stm32f40_41xxx.o(RESET) refers to uart3.o(i.USART3_IRQHandler) for USART3_IRQHandler
    startup_stm32f40_41xxx.o(.text) refers (Special) to heapauxi.o(.text) for __use_two_region_memory
    startup_stm32f40_41xxx.o(.text) refers to system_stm32f4xx.o(i.SystemInit) for SystemInit
    startup_stm32f40_41xxx.o(.text) refers to __main.o(!!!main) for __main
    startup_stm32f40_41xxx.o(.text) refers to startup_stm32f40_41xxx.o(HEAP) for Heap_Mem
    startup_stm32f40_41xxx.o(.text) refers to startup_stm32f40_41xxx.o(STACK) for Stack_Mem
[...]
    FreeRTOS_CORE\stream_buffer.c            0x00000000   Number         0  stream_buffer.o ABSOLUTE
    FreeRTOS_CORE\tasks.c                    0x00000000   Number         0  tasks.o ABSOLUTE
    FreeRTOS_CORE\timers.c                   0x00000000   Number         0  timers.o ABSOLUTE
    FreeRTOS_PORTABLE\\heap_4.c              0x00000000   Number         0  heap_4.o ABSOLUTE
    FreeRTOS_PORTABLE\\port.c                0x00000000   Number         0  port.o ABSOLUTE
    FreeRTOS_PORTABLE\heap_4.c               0x00000000   Number         0  heap_4.o ABSOLUTE
    FreeRTOS_PORTABLE\port.c                 0x00000000   Number         0  port.o ABSOLUTE
    Hardware\\led.c                          0x00000000   Number         0  led.o ABSOLUTE
    Hardware\\oled.c                         0x00000000   Number         0  oled.o ABSOLUTE
    Hardware\\show.c                         0x00000000   Number         0  show.o ABSOLUTE
    Hardware\\song.c                         0x00000000   Number         0  song.o ABSOLUTE
    Hardware\\uart3.c                        0x00000000   Number         0  uart3.o ABSOLUTE
    Hardware\led.c                           0x00000000   Number         0  led.o ABSOLUTE
    Hardware\oled.c                          0x00000000   Number         0  oled.o ABSOLUTE
    Hardware\show.c                          0x00000000   Number         0  show.o ABSOLUTE
    Hardware\song.c                          0x00000000   Number         0  song.o ABSOLUTE
    Hardware\uart3.c                         0x00000000   Number         0  uart3.o ABSOLUTE
    STM32F4xx_Driver\\src\\misc.c            0x00000000   Number         0  misc.o ABSOLUTE
    STM32F4xx_Driver\\src\\stm32f4xx_gpio.c  0x00000000   Number         0  stm32f4xx_gpio.o ABSOLUTE
    STM32F4xx_Driver\\src\\stm32f4xx_i2c.c   0x00000000   Number         0  stm32f4xx_i2c.o ABSOLUTE
    STM32F4xx_Driver\\src\\stm32f4xx_pwr.c   0x00000000   Number         0  stm32f4xx_pwr.o ABSOLUTE
    STM32F4xx_Driver\\src\\stm32f4xx_rcc.c   0x00000000   Number         0  stm32f4xx_rcc.o ABSOLUTE
    STM32F4xx_Driver\\src\\stm32f4xx_syscfg.c 0x00000000   Number         0  stm32f4xx_syscfg.o ABSOLUTE
    STM32F4xx_Driver\\src\\stm32f4xx_tim.c   0x00000000   Number         0  stm32f4xx_tim.o ABSOLUTE
    STM32F4xx_Driver\\src\\stm32f4xx_usart.c 0x00000000   Number         0  stm32f4xx_usart.o ABSOLUTE
    STM32F4xx_Driver\src\misc.c              0x00000000   Number         0  misc.o ABSOLUTE
    STM32F4xx_Driver\src\stm32f4xx_gpio.c    0x00000000   Number         0  stm32f4xx_gpio.o ABSOLUTE
    STM32F4xx_Driver\src\stm32f4xx_i2c.c     0x00000000   Number         0  stm32f4xx_i2c.o ABSOLUTE
    STM32F4xx_Driver\src\stm32f4xx_pwr.c     0x00000000   Number         0  stm32f4xx_pwr.o ABSOLUTE
    STM32F4xx_Driver\src\stm32f4xx_rcc.c     0x00000000   Number         0  stm32f4xx_rcc.o ABSOLUTE
    STM32F4xx_Driver\src\stm32f4xx_syscfg.c  0x00000000   Number         0  stm32f4xx_syscfg.o ABSOLUTE
    STM32F4xx_Driver\src\stm32f4xx_tim.c     0x00000000   Number         0  stm32f4xx_tim.o ABSOLUTE
    STM32F4xx_Driver\src\stm32f4xx_usart.c   0x00000000   Number         0  stm32f4xx_usart.o ABSOLUTE
    SYSTEM\\delay\\delay.c                   0x00000000   Number         0  delay.o ABSOLUTE
    SYSTEM\\sys\\sys.c                       0x00000000   Number         0  sys.o ABSOLUTE
    SYSTEM\\sys\\system.c                    0x00000000   Number         0  system.o ABSOLUTE
    SYSTEM\delay\delay.c                     0x00000000   Number         0  delay.o ABSOLUTE
    SYSTEM\sys\sys.c                         0x00000000   Number         0  sys.o ABSOLUTE
    SYSTEM\sys\system.c                      0x00000000   Number         0  system.o ABSOLUTE
    buzzer.c                                 0x00000000   Number         0  buzzer.o ABSOLUTE
    buzzer.c                                 0x00000000   Number         0  buzzer.o ABSOLUTE
    dc.s                                     0x00000000   Number         0  dc.o ABSOLUTE
    main.c                                   0x00000000   Number         0  main.o ABSOLUTE
    main.c                                   0x00000000   Number         0  main.o ABSOLUTE
    RESET                                    0x08000000   Section      392  startup_stm32f40_41xxx.o(RESET)
    !!!main                                  0x08000188   Section        8  __main.o(!!!main)
    !!!scatter                               0x08000190   Section       52  __scatter.o(!!!scatter)
    !!handler_copy                           0x080001c4   Section       26  __scatter_copy.o(!!handler_copy)
    !!handler_zi                             0x080001e0   Section       28  __scatter_zi.o(!!handler_zi)
    .ARM.Collect$$libinit$$00000000          0x080001fc   Section        2  libinit.o(.ARM.Collect$$libinit$$00000000)
    .ARM.Collect$$libinit$$00000001          0x080001fe   Section        4  libinit2.o(.ARM.Collect$$libinit$$00000001)
    .ARM.Collect$$libinit$$00000004          0x08000202   Section        0  libinit2.o(.ARM.Collect$$libinit$$00000004)
    .ARM.Collect$$libinit$$0000000A          0x08000202   Section        0  libinit2.o(.ARM.Collect$$libinit$$0000000A)
    .ARM.Collect$$libinit$$0000000C          0x08000202   Section        0  libinit2.o(.ARM.Collect$$libinit$$0000000C)
    .ARM.Collect$$libinit$$0000000E          0x08000202   Section        0  libinit2.o(.ARM.Collect$$libinit$$0000000E)
    .ARM.Collect$$libinit$$00000011          0x08000202   Section        0  libinit2.o(.ARM.Collect$$libinit$$00000011)
    .ARM.Collect$$libinit$$00000013          0x08000202   Section        0  libinit2.o(.ARM.Collect$$libinit$$00000013)
    .ARM.Collect$$libinit$$00000015          0x08000202   Section        0  libinit2.o(.ARM.Collect$$libinit$$00000015)
    .ARM.Collect$$libinit$$00000017          0x08000202   Section        0  libinit2.o(.ARM.Collect$$libinit$$00000017)
    .ARM.Collect$$libinit$$00000019          0x08000202   Section        0  libinit2.o(.ARM.Collect$$libinit$$00000019)
    .ARM.Collect$$libinit$$0000001B          0x08000202   Section        0  libinit2.o(.ARM.Collect$$libinit$$0000001B)
    .ARM.Collect$$libinit$$0000001D          0x08000202   Section        0  libinit2.o(.ARM.Collect$$libinit$$0000001D)
    .ARM.Collect$$libinit$$0000001F          0x08000202   Section        0  libinit2.o(.ARM.Collect$$libinit$$0000001F)
    .ARM.Collect$$libinit$$00000021          0x08000202   Section        0  libinit2.o(.ARM.Collect$$libinit$$00000021)
    .ARM.Collect$$libinit$$00000023          0x08000202   Section        0  libinit2.o(.ARM.Collect$$libinit$$00000023)
    .ARM.Collect$$libinit$$00000025          0x08000202   Section        0  libinit2.o(.ARM.Collect$$libinit$$00000025)
    .ARM.Collect$$libinit$$0000002C          0x08000202   Section        0  libinit2.o(.ARM.Collect$$libinit$$0000002C)
    .ARM.Collect$$libinit$$0000002E          0x08000202   Section        0  libinit2.o(.ARM.Collect$$libinit$$0000002E)
    .ARM.Collect$$libinit$$00000030          0x08000202   Section        0  libinit2.o(.ARM.Collect$$libinit$$00000030)
    .ARM.Collect$$libinit$$00000032          0x08000202   Section        0  libinit2.o(.ARM.Collect$$libinit$$00000032)
    .ARM.Collect$$libinit$$00000033          0x08000202   Section        2  libinit2.o(.ARM.Collect$$libinit$$00000033)
    .ARM.Collect$$libshutdown$$00000000      0x08000204   Section        2  libshutdown.o(.ARM.Collect$$libshutdown$$00000000)
    .ARM.Collect$$libshutdown$$00000002      0x08000206   Section        0  libshutdown2.o(.ARM.Collect$$libshutdown$$00000002)
    .ARM.Collect$$libshutdown$$00000004      0x08000206   Section        0  libshutdown2.o(.ARM.Collect$$libshutdown$$00000004)
    .ARM.Collect$$libshutdown$$00000006      0x08000206   Section        0  libshutdown2.o(.ARM.Collect$$libshutdown$$00000006)
    .ARM.Collect$$libshutdown$$00000009      0x08000206   Section        0  libshutdown2.o(.ARM.Collect$$libshutdown$$00000009)
    .ARM.Collect$$libshutdown$$0000000C      0x08000206   Section        0  libshutdown2.o(.ARM.Collect$$libshutdown$$0000000C)
    .ARM.Collect$$libshutdown$$0000000E      0x08000206   Section        0  libshutdown2.o(.ARM.Collect$$libshutdown$$0000000E)
    .ARM.Collect$$libshutdown$$00000011      0x08000206   Section        0  libshutdown2.o(.ARM.Collect$$libshutdown$$00000011)
    .ARM.Collect$$libshutdown$$00000012      0x08000206   Section        2  libshutdown2.o(.ARM.Collect$$libshutdown$$00000012)
    .ARM.Collect$$rtentry$$00000000          0x08000208   Section        0  __rtentry.o(.ARM.Collect$$rtentry$$00000000)
    .ARM.Collect$$rtentry$$00000002          0x08000208   Section        0  __rtentry2.o(.ARM.Collect$$rtentry$$00000002)
    .ARM.Collect$$rtentry$$00000004          0x08000208   Section        6  __rtentry4.o(.ARM.Collect$$rtentry$$00000004)
    .ARM.Collect$$rtentry$$00000009          0x0800020e   Section        0  __rtentry2.o(.ARM.Collect$$rtentry$$00000009)
    .ARM.Collect$$rtentry$$0000000A          0x0800020e   Section        4  __rtentry2.o(.ARM.Collect$$rtentry$$0000000A)
    .ARM.Collect$$rtentry$$0000000C          0x08000212   Section        0  __rtentry2.o(.ARM.Collect$$rtentry$$0000000C)
    .ARM.Collect$$rtentry$$0000000D          0x08000212   Section        8  __rtentry2.o(.ARM.Collect$$rtentry$$0000000D)
    .ARM.Collect$$rtexit$$00000000           0x0800021a   Section        2  rtexit.o(.ARM.Collect$$rtexit$$00000000)
    .ARM.Collect$$rtexit$$00000002           0x0800021c   Section        0  rtexit2.o(.ARM.Collect$$rtexit$$00000002)
    .ARM.Collect$$rtexit$$00000003           0x0800021c   Section        4  rtexit2.o(.ARM.Collect$$rtexit$$00000003)
    .ARM.Collect$$rtexit$$00000004           0x08000220   Section        6  rtexit2.o(.ARM.Collect$$rtexit$$00000004)
    .emb_text                                0x08000228   Section      190  port.o(.emb_text)
    $v0                                      0x08000228   Number         0  port.o(.emb_text)
    .text                                    0x080002e8   Section       64  startup_stm32f40_41xxx.o(.text)
    $v0                                      0x080002e8   Number         0  startup_stm32f40_41xxx.o(.text)
    .text                                    0x08000328   Section      138  rt_memcpy_v6.o(.text)
    .text                                    0x080003b2   Section       16  aeabi_memset.o(.text)
    .text                                    0x080003c2   Section       68  rt_memclr.o(.text)
    .text                                    0x08000406   Section       78  rt_memclr_w.o(.text)
    .text                                    0x08000454   Section        0  heapauxi.o(.text)
    .text                                    0x0800045a   Section      100  rt_memcpy_w.o(.text)
    .text                                    0x080004be   Section       74  sys_stackheap_outer.o(.text)
    .text                                    0x08000508   Section        0  exit.o(.text)
    .text                                    0x0800051c   Section        8  libspace.o(.text)
    .text                                    0x08000524   Section        0  sys_exit.o(.text)
    .text                                    0x08000530   Section        2  use_no_semi.o(.text)
    .text                                    0x08000532   Section        0  indicate_semi.o(.text)
    i.BUZZER_Init                            0x08000534   Section        0  buzzer.o(i.BUZZER_Init)
    i.BusFault_Handler                       0x08000574   Section        0  stm32f4xx_it.o(i.BusFault_Handler)
    i.Button_Init                            0x08000578   Section        0  song.o(i.Button_Init)
    i.DebugMon_Handler                       0x080005a8   Section        0  stm32f4xx_it.o(i.DebugMon_Handler)
    i.GPIO_Init                              0x080005aa   Section        0  stm32f4xx_gpio.o(i.GPIO_Init)
    i.GPIO_PinAFConfig                       0x08000622   Section        0  stm32f4xx_gpio.o(i.GPIO_PinAFConfig)
    i.GPIO_ReadInputDataBit                  0x08000642   Section        0  stm32f4xx_gpio.o(i.GPIO_ReadInputDataBit)
    i.GPIO_ResetBits                         0x08000650   Section        0  stm32f4xx_gpio.o(i.GPIO_ResetBits)
    i.GPIO_SetBits                           0x08000654   Section        0  stm32f4xx_gpio.o(i.GPIO_SetBits)
    i.HardFault_Handler                      0x08000658   Section        0  stm32f4xx_it.o(i.HardFault_Handler)
    i.LED_Init                               0x0800065c   Section        0  led.o(i.LED_Init)
    i.MemManage_Handler                      0x0800069c   Section        0  stm32f4xx_it.o(i.MemManage_Handler)
    i.NMI_Handler                            0x0800069e   Section        0  stm32f4xx_it.o(i.NMI_Handler)
    i.NVIC_Init                              0x080006a0   Section        0  misc.o(i.NVIC_Init)
    i.NVIC_PriorityGroupConfig               0x08000704   Section        0  misc.o(i.NVIC_PriorityGroupConfig)
    i.OLED_Clear                             0x08000718   Section        0  oled.o(i.OLED_Clear)
    i.OLED_DrawPoint                         0x08000744   Section        0  oled.o(i.OLED_DrawPoint)
    i.OLED_Init                              0x08000780   Section        0  oled.o(i.OLED_Init)
    i.OLED_Refresh_Gram                      0x080008b0   Section        0  oled.o(i.OLED_Refresh_Gram)
    i.OLED_ShowChar                          0x080008f8   Section        0  oled.o(i.OLED_ShowChar)
    i.OLED_WR_Byte                           0x0800097c   Section        0  oled.o(i.OLED_WR_Byte)
    i.PWR_BackupAccessCmd                    0x080009c0   Section        0  stm32f4xx_pwr.o(i.PWR_BackupAccessCmd)
    i.RCC_AHB1PeriphClockCmd                 0x080009cc   Section        0  stm32f4xx_rcc.o(i.RCC_AHB1PeriphClockCmd)
    i.RCC_APB1PeriphClockCmd                 0x080009e4   Section        0  stm32f4xx_rcc.o(i.RCC_APB1PeriphClockCmd)
    i.RCC_GetClocksFreq                      0x080009fc   Section        0  stm32f4xx_rcc.o(i.RCC_GetClocksFreq)
    i.RCC_LSEConfig                          0x08000a8c   Section        0  stm32f4xx_rcc.o(i.RCC_LSEConfig)
    i.SetSysClock                            0x08000aa8   Section        0  system_stm32f4xx.o(i.SetSysClock)
    SetSysClock                              0x08000aa9   Thumb Code   162  system_stm32f4xx.o(i.SetSysClock)
    i.SysTick_CLKSourceConfig                0x08000b5c   Section        0  misc.o(i.SysTick_CLKSourceConfig)
    i.SysTick_Handler                        0x08000b74   Section        0  delay.o(i.SysTick_Handler)
    i.SystemInit                             0x08000b88   Section        0  system_stm32f4xx.o(i.SystemInit)
    i.USART3_IRQHandler                      0x08000be4   Section        0  uart3.o(i.USART3_IRQHandler)
    i.USART_Cmd                              0x08000c18   Section        0  stm32f4xx_usart.o(i.USART_Cmd)
    i.USART_GetITStatus                      0x08000c2c   Section        0  stm32f4xx_usart.o(i.USART_GetITStatus)
    i.USART_ITConfig                         0x08000c6a   Section        0  stm32f4xx_usart.o(i.USART_ITConfig)
    i.USART_Init                             0x08000c9c   Section        0  stm32f4xx_usart.o(i.USART_Init)
    i.USART_ReceiveData                      0x08000d48   Section        0  stm32f4xx_usart.o(i.USART_ReceiveData)
    i.UsageFault_Handler                     0x08000d50   Section        0  stm32f4xx_it.o(i.UsageFault_Handler)
    i.delay_init                             0x08000d54   Section        0  delay.o(i.delay_init)
    i.delay_ms                               0x08000d8c   Section        0  delay.o(i.delay_ms)
    i.delay_us                               0x08000dc4   Section        0  delay.o(i.delay_us)
    i.delay_xms                              0x08000df8   Section        0  delay.o(i.delay_xms)
    i.getDuration                            0x08000e12   Section        0  song.o(i.getDuration)
    i.getNote                                0x08000e28   Section        0  song.o(i.getNote)
    i.getPause                               0x08000e54   Section        0  song.o(i.getPause)
    i.led_task                               0x08000e74   Section        0  led.o(i.led_task)
    i.main                                   0x08000e94   Section        0  main.o(i.main)
    i.playNote                               0x08000f0c   Section        0  song.o(i.playNote)
    i.playSong                               0x08000f5c   Section        0  song.o(i.playSong)
    i.prvAddCurrentTaskToDelayedList         0x08000f9c   Section        0  tasks.o(i.prvAddCurrentTaskToDelayedList)
    prvAddCurrentTaskToDelayedList           0x08000f9d   Thumb Code   128  tasks.o(i.prvAddCurrentTaskToDelayedList)
    i.prvAddNewTaskToReadyList               0x08001024   Section        0  tasks.o(i.prvAddNewTaskToReadyList)
    prvAddNewTaskToReadyList                 0x08001025   Thumb Code   224  tasks.o(i.prvAddNewTaskToReadyList)
    i.prvCheckForValidListAndQueue           0x08001114   Section        0  timers.o(i.prvCheckForValidListAndQueue)
    prvCheckForValidListAndQueue             0x08001115   Thumb Code    62  timers.o(i.prvCheckForValidListAndQueue)
    i.prvCopyDataFromQueue                   0x08001164   Section        0  queue.o(i.prvCopyDataFromQueue)
    prvCopyDataFromQueue                     0x08001165   Thumb Code    38  queue.o(i.prvCopyDataFromQueue)
    i.prvCopyDataToQueue                     0x0800118a   Section        0  queue.o(i.prvCopyDataToQueue)
    prvCopyDataToQueue                       0x0800118b   Thumb Code   108  queue.o(i.prvCopyDataToQueue)
    i.prvDeleteTCB                           0x080011f6   Section        0  tasks.o(i.prvDeleteTCB)
    prvDeleteTCB                             0x080011f7   Thumb Code    20  tasks.o(i.prvDeleteTCB)
    i.prvHeapInit                            0x0800120c   Section        0  heap_4.o(i.prvHeapInit)
    prvHeapInit                              0x0800120d   Thumb Code    60  heap_4.o(i.prvHeapInit)
    i.prvIdleTask                            0x08001250   Section        0  tasks.o(i.prvIdleTask)
    prvIdleTask                              0x08001251   Thumb Code    80  tasks.o(i.prvIdleTask)
    i.prvInitialiseNewTask                   0x080012ac   Section        0  tasks.o(i.prvInitialiseNewTask)
    prvInitialiseNewTask                     0x080012ad   Thumb Code   132  tasks.o(i.prvInitialiseNewTask)
    i.prvInsertBlockIntoFreeList             0x08001330   Section        0  heap_4.o(i.prvInsertBlockIntoFreeList)
    prvInsertBlockIntoFreeList               0x08001331   Thumb Code    72  heap_4.o(i.prvInsertBlockIntoFreeList)
    i.prvInsertTimerInActiveList             0x0800137c   Section        0  timers.o(i.prvInsertTimerInActiveList)
    prvInsertTimerInActiveList               0x0800137d   Thumb Code    52  timers.o(i.prvInsertTimerInActiveList)
    i.prvIsQueueEmpty                        0x080013b4   Section        0  queue.o(i.prvIsQueueEmpty)
    prvIsQueueEmpty                          0x080013b5   Thumb Code    26  queue.o(i.prvIsQueueEmpty)
    i.prvNotifyQueueSetContainer             0x080013ce   Section        0  queue.o(i.prvNotifyQueueSetContainer)
    prvNotifyQueueSetContainer               0x080013cf   Thumb Code    78  queue.o(i.prvNotifyQueueSetContainer)
    i.prvProcessExpiredTimer                 0x0800141c   Section        0  timers.o(i.prvProcessExpiredTimer)
    prvProcessExpiredTimer                   0x0800141d   Thumb Code    58  timers.o(i.prvProcessExpiredTimer)
    i.prvProcessReceivedCommands             0x0800145c   Section        0  timers.o(i.prvProcessReceivedCommands)
    prvProcessReceivedCommands               0x0800145d   Thumb Code   222  timers.o(i.prvProcessReceivedCommands)
    i.prvProcessTimerOrBlockTask             0x08001540   Section        0  timers.o(i.prvProcessTimerOrBlockTask)
    prvProcessTimerOrBlockTask               0x08001541   Thumb Code    98  timers.o(i.prvProcessTimerOrBlockTask)
    i.prvReloadTimer                         0x080015ac   Section        0  timers.o(i.prvReloadTimer)
    prvReloadTimer                           0x080015ad   Thumb Code    40  timers.o(i.prvReloadTimer)
    i.prvResetNextTaskUnblockTime            0x080015d4   Section        0  tasks.o(i.prvResetNextTaskUnblockTime)
    prvResetNextTaskUnblockTime              0x080015d5   Thumb Code    24  tasks.o(i.prvResetNextTaskUnblockTime)
    i.prvSampleTimeNow                       0x080015f0   Section        0  timers.o(i.prvSampleTimeNow)
    prvSampleTimeNow                         0x080015f1   Thumb Code    66  timers.o(i.prvSampleTimeNow)
    i.prvTaskExitError                       0x08001638   Section        0  port.o(i.prvTaskExitError)
    prvTaskExitError                         0x08001639   Thumb Code    16  port.o(i.prvTaskExitError)
    i.prvTimerTask                           0x08001648   Section        0  timers.o(i.prvTimerTask)
    prvTimerTask                             0x08001649   Thumb Code    34  timers.o(i.prvTimerTask)
    i.prvUnlockQueue                         0x08001670   Section        0  queue.o(i.prvUnlockQueue)
    prvUnlockQueue                           0x08001671   Thumb Code   118  queue.o(i.prvUnlockQueue)
    i.pvPortMalloc                           0x080016e8   Section        0  heap_4.o(i.pvPortMalloc)
    i.pxPortInitialiseStack                  0x08001780   Section        0  port.o(i.pxPortInitialiseStack)
    i.show_uart                              0x080017ac   Section        0  uart3.o(i.show_uart)
    i.song_task                              0x080017e4   Section        0  song.o(i.song_task)
    i.start_task                             0x0800180c   Section        0  main.o(i.start_task)
    i.systemInit                             0x0800186c   Section        0  system.o(i.systemInit)
    i.uart3_init                             0x08001890   Section        0  uart3.o(i.uart3_init)
    i.usart3_send                            0x08001940   Section        0  uart3.o(i.usart3_send)
    i.uxListRemove                           0x08001954   Section        0  list.o(i.uxListRemove)
    i.uxTaskGetNumberOfTasks                 0x0800197c   Section        0  tasks.o(i.uxTaskGetNumberOfTasks)
    i.vListInitialise                        0x08001988   Section        0  list.o(i.vListInitialise)
    i.vListInitialiseItem                    0x0800199e   Section        0  list.o(i.vListInitialiseItem)
    i.vListInsert                            0x080019a4   Section        0  list.o(i.vListInsert)
    i.vListInsertEnd                         0x080019d4   Section        0  list.o(i.vListInsertEnd)
    i.vPortEnterCritical                     0x080019ec   Section        0  port.o(i.vPortEnterCritical)
    i.vPortExitCritical                      0x08001a14   Section        0  port.o(i.vPortExitCritical)
    i.vPortFree                              0x08001a28   Section        0  heap_4.o(i.vPortFree)
    i.vPortSetupTimerInterrupt               0x08001a6c   Section        0  port.o(i.vPortSetupTimerInterrupt)
    i.vPortValidateInterruptPriority         0x08001a90   Section        0  port.o(i.vPortValidateInterruptPriority)
    i.vQueueAddToRegistry                    0x08001aac   Section        0  queue.o(i.vQueueAddToRegistry)
    i.vQueueWaitForMessageRestricted         0x08001ae8   Section        0  queue.o(i.vQueueWaitForMessageRestricted)
    i.vTaskDelay                             0x08001b2c   Section        0  tasks.o(i.vTaskDelay)
    i.vTaskDelete                            0x08001b64   Section        0  tasks.o(i.vTaskDelete)
    i.vTaskInternalSetTimeOutState           0x08001c04   Section        0  tasks.o(i.vTaskInternalSetTimeOutState)
    i.vTaskMissedYield                       0x08001c14   Section        0  tasks.o(i.vTaskMissedYield)
    i.vTaskPlaceOnEventList                  0x08001c20   Section        0  tasks.o(i.vTaskPlaceOnEventList)
    i.vTaskPlaceOnEventListRestricted        0x08001c44   Section        0  tasks.o(i.vTaskPlaceOnEventListRestricted)
    i.vTaskStartScheduler                    0x08001c84   Section        0  tasks.o(i.vTaskStartScheduler)
    i.vTaskSuspendAll                        0x08001cdc   Section        0  tasks.o(i.vTaskSuspendAll)
    i.vTaskSwitchContext                     0x08001cec   Section        0  tasks.o(i.vTaskSwitchContext)
    i.xPortStartScheduler                    0x08001d34   Section        0  port.o(i.xPortStartScheduler)
    i.xPortSysTickHandler                    0x08001dd0   Section        0  port.o(i.xPortSysTickHandler)
    i.xQueueGenericCreate                    0x08001dfc   Section        0  queue.o(i.xQueueGenericCreate)
    i.xQueueGenericReset                     0x08001e50   Section        0  queue.o(i.xQueueGenericReset)
    i.xQueueGenericSend                      0x08001ee4   Section        0  queue.o(i.xQueueGenericSend)
    i.xQueueGenericSendFromISR               0x08001ffc   Section        0  queue.o(i.xQueueGenericSendFromISR)
    i.xQueueReceive                          0x08002094   Section        0  queue.o(i.xQueueReceive)
    i.xTaskCheckForTimeOut                   0x08002188   Section        0  tasks.o(i.xTaskCheckForTimeOut)
    i.xTaskCreate                            0x080021e0   Section        0  tasks.o(i.xTaskCreate)
    i.xTaskGetSchedulerState                 0x0800223c   Section        0  tasks.o(i.xTaskGetSchedulerState)
    i.xTaskGetTickCount                      0x08002258   Section        0  tasks.o(i.xTaskGetTickCount)
    i.xTaskIncrementTick                     0x08002264   Section        0  tasks.o(i.xTaskIncrementTick)
    i.xTaskPriorityDisinherit                0x08002378   Section        0  tasks.o(i.xTaskPriorityDisinherit)
    i.xTaskRemoveFromEventList               0x08002408   Section        0  tasks.o(i.xTaskRemoveFromEventList)
    i.xTaskResumeAll                         0x080024d4   Section        0  tasks.o(i.xTaskResumeAll)
    i.xTimerCreate                           0x080025ec   Section        0  timers.o(i.xTimerCreate)
    i.xTimerCreateTimerTask                  0x08002638   Section        0  timers.o(i.xTimerCreateTimerTask)
    i.xTimerGenericCommand                   0x08002674   Section        0  timers.o(i.xTimerGenericCommand)
    x$fpl$fpinit                             0x080026c4   Section       10  fpinit.o(x$fpl$fpinit)
    $v0                                      0x080026c4   Number         0  fpinit.o(x$fpl$fpinit)
    .constdata                               0x080026ce   Section     2660  oled.o(.constdata)
    .conststring                             0x08003134   Section      105  song.o(.conststring)
    .data                                    0x20000000   Section       12  main.o(.data)
    .data                                    0x2000000c   Section        8  delay.o(.data)
    fac_us                                   0x2000000c   Data           1  delay.o(.data)
    fac_ms                                   0x2000000e   Data           2  delay.o(.data)
    sysTickCnt                               0x20000010   Data           4  delay.o(.data)
    .data                                    0x20000014   Section       20  system_stm32f4xx.o(.data)
    .data                                    0x20000028   Section       16  stm32f4xx_rcc.o(.data)
    APBAHBPrescTable                         0x20000028   Data          16  stm32f4xx_rcc.o(.data)
    .data                                    0x20000038   Section        4  led.o(.data)
    .data                                    0x2000003c   Section       64  song.o(.data)
    song                                     0x2000003c   Data           4  song.o(.data)
    empty                                    0x20000040   Data           4  song.o(.data)
    notes                                    0x20000044   Data          56  song.o(.data)
    .data                                    0x2000007c   Section       64  tasks.o(.data)
    uxDeletedTasksWaitingCleanUp             0x20000080   Data           4  tasks.o(.data)
    uxCurrentNumberOfTasks                   0x20000084   Data           4  tasks.o(.data)
    xTickCount                               0x20000088   Data           4  tasks.o(.data)
    uxTopReadyPriority                       0x2000008c   Data           4  tasks.o(.data)
    xSchedulerRunning                        0x20000090   Data           4  tasks.o(.data)
    xPendedTicks                             0x20000094   Data           4  tasks.o(.data)
    xYieldPending                            0x20000098   Data           4  tasks.o(.data)
    xNumOfOverflows                          0x2000009c   Data           4  tasks.o(.data)
    uxTaskNumber                             0x200000a0   Data           4  tasks.o(.data)
    xNextTaskUnblockTime                     0x200000a4   Data           4  tasks.o(.data)
    xIdleTaskHandle                          0x200000a8   Data           4  tasks.o(.data)
    uxSchedulerSuspended                     0x200000b0   Data           4  tasks.o(.data)
    pxDelayedTaskList                        0x200000b4   Data           4  tasks.o(.data)
    pxOverflowDelayedTaskList                0x200000b8   Data           4  tasks.o(.data)
    .data                                    0x200000bc   Section       20  timers.o(.data)
    xTimerQueue                              0x200000bc   Data           4  timers.o(.data)
    xTimerTaskHandle                         0x200000c0   Data           4  timers.o(.data)
    xLastTime                                0x200000c4   Data           4  timers.o(.data)
    pxCurrentTimerList                       0x200000c8   Data           4  timers.o(.data)
    pxOverflowTimerList                      0x200000cc   Data           4  timers.o(.data)
    .data                                    0x200000d0   Section       28  heap_4.o(.data)
    pxEnd                                    0x200000d0   Data           4  heap_4.o(.data)
    xFreeBytesRemaining                      0x200000d4   Data           4  heap_4.o(.data)
    xMinimumEverFreeBytesRemaining           0x200000d8   Data           4  heap_4.o(.data)
    xNumberOfSuccessfulAllocations           0x200000dc   Data           4  heap_4.o(.data)
    xNumberOfSuccessfulFrees                 0x200000e0   Data           4  heap_4.o(.data)
    xStart                                   0x200000e4   Data           8  heap_4.o(.data)
    .data                                    0x200000ec   Section       12  port.o(.data)
    ucMaxSysCallPriority                     0x200000ec   Data           1  port.o(.data)
    uxCriticalNesting                        0x200000f0   Data           4  port.o(.data)
    ulMaxPRIGROUPValue                       0x200000f4   Data           4  port.o(.data)
    .bss                                     0x200000f8   Section     1024  oled.o(.bss)
    .bss                                     0x200004f8   Section       64  queue.o(.bss)
    .bss                                     0x20000538   Section      740  tasks.o(.bss)
    pxReadyTasksLists                        0x20000538   Data         640  tasks.o(.bss)
    xDelayedTaskList1                        0x200007b8   Data          20  tasks.o(.bss)
    xDelayedTaskList2                        0x200007cc   Data          20  tasks.o(.bss)
    xPendingReadyList                        0x200007e0   Data          20  tasks.o(.bss)
    xTasksWaitingTermination                 0x200007f4   Data          20  tasks.o(.bss)
    xSuspendedTaskList                       0x20000808   Data          20  tasks.o(.bss)
    .bss                                     0x2000081c   Section       40  timers.o(.bss)
    xActiveTimerList1                        0x2000081c   Data          20  timers.o(.bss)
    xActiveTimerList2                        0x20000830   Data          20  timers.o(.bss)
    .bss                                     0x20000844   Section    20480  heap_4.o(.bss)
    ucHeap                                   0x20000844   Data       20480  heap_4.o(.bss)
    .bss                                     0x20005844   Section       96  libspace.o(.bss)
    HEAP                                     0x200058a8   Section      512  startup_stm32f40_41xxx.o(HEAP)
    Heap_Mem                                 0x200058a8   Data         512  startup_stm32f40_41xxx.o(HEAP)
    STACK                                    0x20005aa8   Section     1024  startup_stm32f40_41xxx.o(STACK)
    Stack_Mem                                0x20005aa8   Data        1024  startup_stm32f40_41xxx.o(STACK)
    __initial_sp                             0x20005ea8   Data           0  startup_stm32f40_41xxx.o(STACK)

    Global Symbols

    Symbol Name                              Value     Ov Type        Size  Object(Section)

    BuildAttributes$$THM_ISAv4$E$P$D$K$B$S$7EM$VFPi3$EXTD16$VFPS$VFMA$PE$A:L22UL41UL21$X:L11$S22US41US21$IEEE1$IW$USESV6$~STKCKD$USESV7$~SHL$OSPACE$ROPI$EBA8$UX$STANDARDLIB$REQ8$PRES8$EABIv2 0x00000000   Number         0  anon$$obj.o ABSOLUTE
    __ARM_use_no_argv                        0x00000000   Number         0  main.o ABSOLUTE
    _printf_flags                            0x00000000   Number         0  printf_stubs.o ABSOLUTE
    _printf_return_value                     0x00000000   Number         0  printf_stubs.o ABSOLUTE
    _printf_sizespec                         0x00000000   Number         0  printf_stubs.o ABSOLUTE
    _printf_widthprec                        0x00000000   Number         0  printf_stubs.o ABSOLUTE
    __ARM_exceptions_init                     - Undefined Weak Reference
    __alloca_initialize                       - Undefined Weak Reference
    __arm_fini_                               - Undefined Weak Reference
    __arm_preinit_                            - Undefined Weak Reference
    __cpp_initialize__aeabi_                  - Undefined Weak Reference
    __cxa_finalize                            - Undefined Weak Reference
    __rt_locale                               - Undefined Weak Reference
    __sigvec_lookup                           - Undefined Weak Reference
    _atexit_init                              - Undefined Weak Reference
    _call_atexit_fns                          - Undefined Weak Reference
    _clock_init                               - Undefined Weak Reference
    _fp_trap_init                             - Undefined Weak Reference
    _fp_trap_shutdown                         - Undefined Weak Reference
    _get_lc_collate                           - Undefined Weak Reference
    _get_lc_ctype                             - Undefined Weak Reference
    _get_lc_monetary                          - Undefined Weak Reference
    _get_lc_numeric                           - Undefined Weak Reference
    _get_lc_time                              - Undefined Weak Reference
    _getenv_init                              - Undefined Weak Reference
    _handle_redirection                       - Undefined Weak Reference
    _init_alloc                               - Undefined Weak Reference
    _init_user_alloc                          - Undefined Weak Reference
    _initio                                   - Undefined Weak Reference
    _printf_mbtowc                            - Undefined Weak Reference
    _printf_truncate_signed                   - Undefined Weak Reference
    _printf_truncate_unsigned                 - Undefined Weak Reference
    _rand_init                                - Undefined Weak Reference
    _signal_finish                            - Undefined Weak Reference
    _signal_init                              - Undefined Weak Reference
    _terminate_alloc                          - Undefined Weak Reference
    _terminate_user_alloc                     - Undefined Weak Reference
    _terminateio                              - Undefined Weak Reference
    __Vectors_Size                           0x00000188   Number         0  startup_stm32f40_41xxx.o ABSOLUTE
    __Vectors                                0x08000000   Data           4  startup_stm32f40_41xxx.o(RESET)
    __Vectors_End                            0x08000188   Data           0  startup_stm32f40_41xxx.o(RESET)
    __main                                   0x08000189   Thumb Code     8  __main.o(!!!main)
    __scatterload                            0x08000191   Thumb Code     0  __scatter.o(!!!scatter)
    __scatterload_rt2                        0x08000191   Thumb Code    44  __scatter.o(!!!scatter)
    __scatterload_rt2_thumb_only             0x08000191   Thumb Code     0  __scatter.o(!!!scatter)
    __scatterload_null                       0x0800019f   Thumb Code     0  __scatter.o(!!!scatter)
    __scatterload_copy                       0x080001c5   Thumb Code    26  __scatter_copy.o(!!handler_copy)
    __scatterload_zeroinit                   0x080001e1   Thumb Code    28  __scatter_zi.o(!!handler_zi)
    __rt_lib_init                            0x080001fd   Thumb Code     0  libinit.o(.ARM.Collect$$libinit$$00000000)
    __rt_lib_init_fp_1                       0x080001ff   Thumb Code     0  libinit2.o(.ARM.Collect$$libinit$$00000001)
    __rt_lib_init_alloca_1                   0x08000203   Thumb Code     0  libinit2.o(.ARM.Collect$$libinit$$0000002E)
    __rt_lib_init_argv_1                     0x08000203   Thumb Code     0  libinit2.o(.ARM.Collect$$libinit$$0000002C)
    __rt_lib_init_atexit_1                   0x08000203   Thumb Code     0  libinit2.o(.ARM.Collect$$libinit$$0000001B)
    __rt_lib_init_clock_1                    0x08000203   Thumb Code     0  libinit2.o(.ARM.Collect$$libinit$$00000021)
    __rt_lib_init_cpp_1                      0x08000203   Thumb Code     0  libinit2.o(.ARM.Collect$$libinit$$00000032)
    __rt_lib_init_exceptions_1               0x08000203   Thumb Code     0  libinit2.o(.ARM.Collect$$libinit$$00000030)
    __rt_lib_init_fp_trap_1                  0x08000203   Thumb Code     0  libinit2.o(.ARM.Collect$$libinit$$0000001F)
    __rt_lib_init_getenv_1                   0x08000203   Thumb Code     0  libinit2.o(.ARM.Collect$$libinit$$00000023)
    __rt_lib_init_heap_1                     0x08000203   Thumb Code     0  libinit2.o(.ARM.Collect$$libinit$$0000000A)
    __rt_lib_init_lc_collate_1               0x08000203   Thumb Code     0  libinit2.o(.ARM.Collect$$libinit$$00000011)
    __rt_lib_init_lc_ctype_1                 0x08000203   Thumb Code     0  libinit2.o(.ARM.Collect$$libinit$$00000013)
    __rt_lib_init_lc_monetary_1              0x08000203   Thumb Code     0  libinit2.o(.ARM.Collect$$libinit$$00000015)
    __rt_lib_init_lc_numeric_1               0x08000203   Thumb Code     0  libinit2.o(.ARM.Collect$$libinit$$00000017)
    __rt_lib_init_lc_time_1                  0x08000203   Thumb Code     0  libinit2.o(.ARM.Collect$$libinit$$00000019)
    __rt_lib_init_preinit_1                  0x08000203   Thumb Code     0  libinit2.o(.ARM.Collect$$libinit$$00000004)
    __rt_lib_init_rand_1                     0x08000203   Thumb Code     0  libinit2.o(.ARM.Collect$$libinit$$0000000E)
    __rt_lib_init_return                     0x08000203   Thumb Code     0  libinit2.o(.ARM.Collect$$libinit$$00000033)
    __rt_lib_init_signal_1                   0x08000203   Thumb Code     0  libinit2.o(.ARM.Collect$$libinit$$0000001D)
    __rt_lib_init_stdio_1                    0x08000203   Thumb Code     0  libinit2.o(.ARM.Collect$$libinit$$00000025)
    __rt_lib_init_user_alloc_1               0x08000203   Thumb Code     0  libinit2.o(.ARM.Collect$$libinit$$0000000C)
    __rt_lib_shutdown                        0x08000205   Thumb Code     0  libshutdown.o(.ARM.Collect$$libshutdown$$00000000)
    __rt_lib_shutdown_cpp_1                  0x08000207   Thumb Code     0  libshutdown2.o(.ARM.Collect$$libshutdown$$00000004)
    __rt_lib_shutdown_fini_1                 0x08000207   Thumb Code     0  libshutdown2.o(.ARM.Collect$$libshutdown$$00000002)
    __rt_lib_shutdown_fp_trap_1              0x08000207   Thumb Code     0  libshutdown2.o(.ARM.Collect$$libshutdown$$00000009)
    __rt_lib_shutdown_heap_1                 0x08000207   Thumb Code     0  libshutdown2.o(.ARM.Collect$$libshutdown$$00000011)
    __rt_lib_shutdown_return                 0x08000207   Thumb Code     0  libshutdown2.o(.ARM.Collect$$libshutdown$$00000012)
    __rt_lib_shutdown_signal_1               0x08000207   Thumb Code     0  libshutdown2.o(.ARM.Collect$$libshutdown$$0000000C)
    __rt_lib_shutdown_stdio_1                0x08000207   Thumb Code     0  libshutdown2.o(.ARM.Collect$$libshutdown$$00000006)
    __rt_lib_shutdown_user_alloc_1           0x08000207   Thumb Code     0  libshutdown2.o(.ARM.Collect$$libshutdown$$0000000E)
    __rt_entry                               0x08000209   Thumb Code     0  __rtentry.o(.ARM.Collect$$rtentry$$00000000)
    __rt_entry_presh_1                       0x08000209   Thumb Code     0  __rtentry2.o(.ARM.Collect$$rtentry$$00000002)
    __rt_entry_sh                            0x08000209   Thumb Code     0  __rtentry4.o(.ARM.Collect$$rtentry$$00000004)
    __rt_entry_li                            0x0800020f   Thumb Code     0  __rtentry2.o(.ARM.Collect$$rtentry$$0000000A)
    __rt_entry_postsh_1                      0x0800020f   Thumb Code     0  __rtentry2.o(.ARM.Collect$$rtentry$$00000009)
    __rt_entry_main                          0x08000213   Thumb Code     0  __rtentry2.o(.ARM.Collect$$rtentry$$0000000D)
    __rt_entry_postli_1                      0x08000213   Thumb Code     0  __rtentry2.o(.ARM.Collect$$rtentry$$0000000C)
    __rt_exit                                0x0800021b   Thumb Code     0  rtexit.o(.ARM.Collect$$rtexit$$00000000)
    __rt_exit_ls                             0x0800021d   Thumb Code     0  rtexit2.o(.ARM.Collect$$rtexit$$00000003)
    __rt_exit_prels_1                        0x0800021d   Thumb Code     0  rtexit2.o(.ARM.Collect$$rtexit$$00000002)
    __rt_exit_exit                           0x08000221   Thumb Code     0  rtexit2.o(.ARM.Collect$$rtexit$$00000004)
    SVC_Handler                              0x08000229   Thumb Code    28  port.o(.emb_text)
    __asm___6_port_c_39a90d8d__prvStartFirstTask 0x08000249   Thumb Code    36  port.o(.emb_text)
    __asm___6_port_c_39a90d8d__prvEnableVFP  0x08000271   Thumb Code    16  port.o(.emb_text)
    PendSV_Handler                           0x08000285   Thumb Code    88  port.o(.emb_text)
    vPortGetIPSR                             0x080002e1   Thumb Code     6  port.o(.emb_text)
    Reset_Handler                            0x080002e9   Thumb Code     8  startup_stm32f40_41xxx.o(.text)
    ADC_IRQHandler                           0x08000303   Thumb Code     0  startup_stm32f40_41xxx.o(.text)
    CAN1_RX0_IRQHandler                      0x08000303   Thumb Code     0  startup_stm32f40_41xxx.o(.text)
    CAN1_RX1_IRQHandler                      0x08000303   Thumb Code     0  startup_stm32f40_41xxx.o(.text)
    CAN1_SCE_IRQHandler                      0x08000303   Thumb Code     0  startup_stm32f40_41xxx.o(.text)
    CAN1_TX_IRQHandler                       0x08000303   Thumb Code     0  startup_stm32f40_41xxx.o(.text)
    CAN2_RX0_IRQHandler                      0x08000303   Thumb Code     0  startup_stm32f40_41xxx.o(.text)
    CAN2_RX1_IRQHandler                      0x08000303   Thumb Code     0  startup_stm32f40_41xxx.o(.text)
    CAN2_SCE_IRQHandler                      0x08000303   Thumb Code     0  startup_stm32f40_41xxx.o(.text)
    CAN2_TX_IRQHandler                       0x08000303   Thumb Code     0  startup_stm32f40_41xxx.o(.text)
    CRYP_IRQHandler                          0x08000303   Thumb Code     0  startup_stm32f40_41xxx.o(.text)
    DCMI_IRQHandler                          0x08000303   Thumb Code     0  startup_stm32f40_41xxx.o(.text)
    DMA1_Stream0_IRQHandler                  0x08000303   Thumb Code     0  startup_stm32f40_41xxx.o(.text)
    DMA1_Stream1_IRQHandler                  0x08000303   Thumb Code     0  startup_stm32f40_41xxx.o(.text)
    DMA1_Stream2_IRQHandler                  0x08000303   Thumb Code     0  startup_stm32f40_41xxx.o(.text)
    DMA1_Stream3_IRQHandler                  0x08000303   Thumb Code     0  startup_stm32f40_41xxx.o(.text)
    DMA1_Stream4_IRQHandler                  0x08000303   Thumb Code     0  startup_stm32f40_41xxx.o(.text)
    DMA1_Stream5_IRQHandler                  0x08000303   Thumb Code     0  startup_stm32f40_41xxx.o(.text)
    DMA1_Stream6_IRQHandler                  0x08000303   Thumb Code     0  startup_stm32f40_41xxx.o(.text)
    DMA1_Stream7_IRQHandler                  0x08000303   Thumb Code     0  startup_stm32f40_41xxx.o(.text)
    DMA2_Stream0_IRQHandler                  0x08000303   Thumb Code     0  startup_stm32f40_41xxx.o(.text)
    DMA2_Stream1_IRQHandler                  0x08000303   Thumb Code     0  startup_stm32f40_41xxx.o(.text)
    DMA2_Stream2_IRQHandler                  0x08000303   Thumb Code     0  startup_stm32f40_41xxx.o(.text)
    DMA2_Stream3_IRQHandler                  0x08000303   Thumb Code     0  startup_stm32f40_41xxx.o(.text)
    DMA2_Stream4_IRQHandler                  0x08000303   Thumb Code     0  startup_stm32f40_41xxx.o(.text)
    DMA2_Stream5_IRQHandler                  0x08000303   Thumb Code     0  startup_stm32f40_41xxx.o(.text)
    DMA2_Stream6_IRQHandler                  0x08000303   Thumb Code     0  startup_stm32f40_41xxx.o(.text)
    DMA2_Stream7_IRQHandler                  0x08000303   Thumb Code     0  startup_stm32f40_41xxx.o(.text)
    ETH_IRQHandler                           0x08000303   Thumb Code     0  startup_stm32f40_41xxx.o(.text)
    ETH_WKUP_IRQHandler                      0x08000303   Thumb Code     0  startup_stm32f40_41xxx.o(.text)
    EXTI0_IRQHandler                         0x08000303   Thumb Code     0  startup_stm32f40_41xxx.o(.text)
    EXTI15_10_IRQHandler                     0x08000303   Thumb Code     0  startup_stm32f40_41xxx.o(.text)
    EXTI1_IRQHandler                         0x08000303   Thumb Code     0  startup_stm32f40_41xxx.o(.text)
    EXTI2_IRQHandler                         0x08000303   Thumb Code     0  startup_stm32f40_41xxx.o(.text)
    EXTI3_IRQHandler                         0x08000303   Thumb Code     0  startup_stm32f40_41xxx.o(.text)
    EXTI4_IRQHandler                         0x08000303   Thumb Code     0  startup_stm32f40_41xxx.o(.text)
    EXTI9_5_IRQHandler                       0x08000303   Thumb Code     0  startup_stm32f40_41xxx.o(.text)
    FLASH_IRQHandler                         0x08000303   Thumb Code     0  startup_stm32f40_41xxx.o(.text)
    FPU_IRQHandler                           0x08000303   Thumb Code     0  startup_stm32f40_41xxx.o(.text)
    FSMC_IRQHandler                          0x08000303   Thumb Code     0  startup_stm32f40_41xxx.o(.text)
    HASH_RNG_IRQHandler                      0x08000303   Thumb Code     0  startup_stm32f40_41xxx.o(.text)
    I2C1_ER_IRQHandler                       0x08000303   Thumb Code     0  startup_stm32f40_41xxx.o(.text)
    I2C1_EV_IRQHandler                       0x08000303   Thumb Code     0  startup_stm32f40_41xxx.o(.text)
    I2C2_ER_IRQHandler                       0x08000303   Thumb Code     0  startup_stm32f40_41xxx.o(.text)
    I2C2_EV_IRQHandler                       0x08000303   Thumb Code     0  startup_stm32f40_41xxx.o(.text)
    I2C3_ER_IRQHandler                       0x08000303   Thumb Code     0  startup_stm32f40_41xxx.o(.text)
    I2C3_EV_IRQHandler                       0x08000303   Thumb Code     0  startup_stm32f40_41xxx.o(.text)
    OTG_FS_IRQHandler                        0x08000303   Thumb Code     0  startup_stm32f40_41xxx.o(.text)
    OTG_FS_WKUP_IRQHandler                   0x08000303   Thumb Code     0  startup_stm32f40_41xxx.o(.text)
    OTG_HS_EP1_IN_IRQHandler                 0x08000303   Thumb Code     0  startup_stm32f40_41xxx.o(.text)
    OTG_HS_EP1_OUT_IRQHandler                0x08000303   Thumb Code     0  startup_stm32f40_41xxx.o(.text)
    OTG_HS_IRQHandler                        0x08000303   Thumb Code     0  startup_stm32f40_41xxx.o(.text)
    OTG_HS_WKUP_IRQHandler                   0x08000303   Thumb Code     0  startup_stm32f40_41xxx.o(.text)
    PVD_IRQHandler                           0x08000303   Thumb Code     0  startup_stm32f40_41xxx.o(.text)
    RCC_IRQHandler                           0x08000303   Thumb Code     0  startup_stm32f40_41xxx.o(.text)
    RTC_Alarm_IRQHandler                     0x08000303   Thumb Code     0  startup_stm32f40_41xxx.o(.text)
    RTC_WKUP_IRQHandler                      0x08000303   Thumb Code     0  startup_stm32f40_41xxx.o(.text)
    SDIO_IRQHandler                          0x08000303   Thumb Code     0  startup_stm32f40_41xxx.o(.text)
    SPI1_IRQHandler                          0x08000303   Thumb Code     0  startup_stm32f40_41xxx.o(.text)
    SPI2_IRQHandler                          0x08000303   Thumb Code     0  startup_stm32f40_41xxx.o(.text)
    SPI3_IRQHandler                          0x08000303   Thumb Code     0  startup_stm32f40_41xxx.o(.text)
    TAMP_STAMP_IRQHandler                    0x08000303   Thumb Code     0  startup_stm32f40_41xxx.o(.text)
    TIM1_BRK_TIM9_IRQHandler                 0x08000303   Thumb Code     0  startup_stm32f40_41xxx.o(.text)
    TIM1_CC_IRQHandler                       0x08000303   Thumb Code     0  startup_stm32f40_41xxx.o(.text)
    TIM1_TRG_COM_TIM11_IRQHandler            0x08000303   Thumb Code     0  startup_stm32f40_41xxx.o(.text)
    TIM1_UP_TIM10_IRQHandler                 0x08000303   Thumb Code     0  startup_stm32f40_41xxx.o(.text)
    TIM2_IRQHandler                          0x08000303   Thumb Code     0  startup_stm32f40_41xxx.o(.text)
    TIM3_IRQHandler                          0x08000303   Thumb Code     0  startup_stm32f40_41xxx.o(.text)
    TIM4_IRQHandler                          0x08000303   Thumb Code     0  startup_stm32f40_41xxx.o(.text)
    TIM5_IRQHandler                          0x08000303   Thumb Code     0  startup_stm32f40_41xxx.o(.text)
    TIM6_DAC_IRQHandler                      0x08000303   Thumb Code     0  startup_stm32f40_41xxx.o(.text)
    TIM7_IRQHandler                          0x08000303   Thumb Code     0  startup_stm32f40_41xxx.o(.text)
    TIM8_BRK_TIM12_IRQHandler                0x08000303   Thumb Code     0  startup_stm32f40_41xxx.o(.text)
    TIM8_CC_IRQHandler                       0x08000303   Thumb Code     0  startup_stm32f40_41xxx.o(.text)
    TIM8_TRG_COM_TIM14_IRQHandler            0x08000303   Thumb Code     0  startup_stm32f40_41xxx.o(.text)
    TIM8_UP_TIM13_IRQHandler                 0x08000303   Thumb Code     0  startup_stm32f40_41xxx.o(.text)
    UART4_IRQHandler                         0x08000303   Thumb Code     0  startup_stm32f40_41xxx.o(.text)
    UART5_IRQHandler                         0x08000303   Thumb Code     0  startup_stm32f40_41xxx.o(.text)
    USART1_IRQHandler                        0x08000303   Thumb Code     0  startup_stm32f40_41xxx.o(.text)
    USART2_IRQHandler                        0x08000303   Thumb Code     0  startup_stm32f40_41xxx.o(.text)
    USART6_IRQHandler                        0x08000303   Thumb Code     0  startup_stm32f40_41xxx.o(.text)
    WWDG_IRQHandler                          0x08000303   Thumb Code     0  startup_stm32f40_41xxx.o(.text)
    __user_initial_stackheap                 0x08000305   Thumb Code     0  startup_stm32f40_41xxx.o(.text)
    __aeabi_memcpy                           0x08000329   Thumb Code     0  rt_memcpy_v6.o(.text)
    __rt_memcpy                              0x08000329   Thumb Code   138  rt_memcpy_v6.o(.text)
    _memcpy_lastbytes                        0x0800038f   Thumb Code     0  rt_memcpy_v6.o(.text)
    __aeabi_memset                           0x080003b3   Thumb Code    16  aeabi_memset.o(.text)
    __aeabi_memclr                           0x080003c3   Thumb Code     0  rt_memclr.o(.text)
    __rt_memclr                              0x080003c3   Thumb Code    68  rt_memclr.o(.text)
    _memset                                  0x080003c7   Thumb Code     0  rt_memclr.o(.text)
    __aeabi_memclr4                          0x08000407   Thumb Code     0  rt_memclr_w.o(.text)
    __aeabi_memclr8                          0x08000407   Thumb Code     0  rt_memclr_w.o(.text)
    __rt_memclr_w                            0x08000407   Thumb Code    78  rt_memclr_w.o(.text)
    _memset_w                                0x0800040b   Thumb Code     0  rt_memclr_w.o(.text)
    __use_two_region_memory                  0x08000455   Thumb Code     2  heapauxi.o(.text)
    __rt_heap_escrow$2region                 0x08000457   Thumb Code     2  heapauxi.o(.text)
    __rt_heap_expand$2region                 0x08000459   Thumb Code     2  heapauxi.o(.text)
    __aeabi_memcpy4                          0x0800045b   Thumb Code     0  rt_memcpy_w.o(.text)
    __aeabi_memcpy8                          0x0800045b   Thumb Code     0  rt_memcpy_w.o(.text)
    __rt_memcpy_w                            0x0800045b   Thumb Code   100  rt_memcpy_w.o(.text)
    _memcpy_lastbytes_aligned                0x080004a3   Thumb Code     0  rt_memcpy_w.o(.text)
    __user_setup_stackheap                   0x080004bf   Thumb Code    74  sys_stackheap_outer.o(.text)
    exit                                     0x08000509   Thumb Code    18  exit.o(.text)
    __user_libspace                          0x0800051d   Thumb Code     8  libspace.o(.text)
    __user_perproc_libspace                  0x0800051d   Thumb Code     0  libspace.o(.text)
    __user_perthread_libspace                0x0800051d   Thumb Code     0  libspace.o(.text)
    _sys_exit                                0x08000525   Thumb Code     8  sys_exit.o(.text)
    __I$use$semihosting                      0x08000531   Thumb Code     0  use_no_semi.o(.text)
    __use_no_semihosting_swi                 0x08000531   Thumb Code     2  use_no_semi.o(.text)
    __semihosting_library_function           0x08000533   Thumb Code     0  indicate_semi.o(.text)
    BUZZER_Init                              0x08000535   Thumb Code    58  buzzer.o(i.BUZZER_Init)
    BusFault_Handler                         0x08000575   Thumb Code     2  stm32f4xx_it.o(i.BusFault_Handler)
    Button_Init                              0x08000579   Thumb Code    42  song.o(i.Button_Init)
    DebugMon_Handler                         0x080005a9   Thumb Code     2  stm32f4xx_it.o(i.DebugMon_Handler)
    GPIO_Init                                0x080005ab   Thumb Code   120  stm32f4xx_gpio.o(i.GPIO_Init)
    GPIO_PinAFConfig                         0x08000623   Thumb Code    32  stm32f4xx_gpio.o(i.GPIO_PinAFConfig)
    GPIO_ReadInputDataBit                    0x08000643   Thumb Code    14  stm32f4xx_gpio.o(i.GPIO_ReadInputDataBit)
    GPIO_ResetBits                           0x08000651   Thumb Code     4  stm32f4xx_gpio.o(i.GPIO_ResetBits)
    GPIO_SetBits                             0x08000655   Thumb Code     4  stm32f4xx_gpio.o(i.GPIO_SetBits)
    HardFault_Handler                        0x08000659   Thumb Code     2  stm32f4xx_it.o(i.HardFault_Handler)
    LED_Init                                 0x0800065d   Thumb Code    58  led.o(i.LED_Init)
    MemManage_Handler                        0x0800069d   Thumb Code     2  stm32f4xx_it.o(i.MemManage_Handler)
    NMI_Handler                              0x0800069f   Thumb Code     2  stm32f4xx_it.o(i.NMI_Handler)
    NVIC_Init                                0x080006a1   Thumb Code    96  misc.o(i.NVIC_Init)
    NVIC_PriorityGroupConfig                 0x08000705   Thumb Code    10  misc.o(i.NVIC_PriorityGroupConfig)
    OLED_Clear                               0x08000719   Thumb Code    38  oled.o(i.OLED_Clear)
    OLED_DrawPoint                           0x08000745   Thumb Code    54  oled.o(i.OLED_DrawPoint)
    OLED_Init                                0x08000781   Thumb Code   294  oled.o(i.OLED_Init)
    OLED_Refresh_Gram                        0x080008b1   Thumb Code    66  oled.o(i.OLED_Refresh_Gram)
    OLED_ShowChar                            0x080008f9   Thumb Code   124  oled.o(i.OLED_ShowChar)
    OLED_WR_Byte                             0x0800097d   Thumb Code    62  oled.o(i.OLED_WR_Byte)
    PWR_BackupAccessCmd                      0x080009c1   Thumb Code     6  stm32f4xx_pwr.o(i.PWR_BackupAccessCmd)
    RCC_AHB1PeriphClockCmd                   0x080009cd   Thumb Code    18  stm32f4xx_rcc.o(i.RCC_AHB1PeriphClockCmd)
    RCC_APB1PeriphClockCmd                   0x080009e5   Thumb Code    18  stm32f4xx_rcc.o(i.RCC_APB1PeriphClockCmd)
    RCC_GetClocksFreq                        0x080009fd   Thumb Code   132  stm32f4xx_rcc.o(i.RCC_GetClocksFreq)
    RCC_LSEConfig                            0x08000a8d   Thumb Code    22  stm32f4xx_rcc.o(i.RCC_LSEConfig)
    SysTick_CLKSourceConfig                  0x08000b5d   Thumb Code    24  misc.o(i.SysTick_CLKSourceConfig)
    SysTick_Handler                          0x08000b75   Thumb Code    20  delay.o(i.SysTick_Handler)
    SystemInit                               0x08000b89   Thumb Code    74  system_stm32f4xx.o(i.SystemInit)
    USART3_IRQHandler                        0x08000be5   Thumb Code    46  uart3.o(i.USART3_IRQHandler)
    USART_Cmd                                0x08000c19   Thumb Code    20  stm32f4xx_usart.o(i.USART_Cmd)
    USART_GetITStatus                        0x08000c2d   Thumb Code    62  stm32f4xx_usart.o(i.USART_GetITStatus)
    USART_ITConfig                           0x08000c6b   Thumb Code    48  stm32f4xx_usart.o(i.USART_ITConfig)
    USART_Init                               0x08000c9d   Thumb Code   164  stm32f4xx_usart.o(i.USART_Init)
    USART_ReceiveData                        0x08000d49   Thumb Code     8  stm32f4xx_usart.o(i.USART_ReceiveData)
    UsageFault_Handler                       0x08000d51   Thumb Code     2  stm32f4xx_it.o(i.UsageFault_Handler)
    delay_init                               0x08000d55   Thumb Code    50  delay.o(i.delay_init)
    delay_ms                                 0x08000d8d   Thumb Code    50  delay.o(i.delay_ms)
    delay_us                                 0x08000dc5   Thumb Code    48  delay.o(i.delay_us)
    delay_xms                                0x08000df9   Thumb Code    26  delay.o(i.delay_xms)
    getDuration                              0x08000e13   Thumb Code    20  song.o(i.getDuration)
    getNote                                  0x08000e29   Thumb Code    40  song.o(i.getNote)
    getPause                                 0x08000e55   Thumb Code    32  song.o(i.getPause)
    led_task                                 0x08000e75   Thumb Code    22  led.o(i.led_task)
    main                                     0x08000e95   Thumb Code    86  main.o(i.main)
    playNote                                 0x08000f0d   Thumb Code    76  song.o(i.playNote)
    playSong                                 0x08000f5d   Thumb Code    62  song.o(i.playSong)
    pvPortMalloc                             0x080016e9   Thumb Code   146  heap_4.o(i.pvPortMalloc)
    pxPortInitialiseStack                    0x08001781   Thumb Code    40  port.o(i.pxPortInitialiseStack)
    show_uart                                0x080017ad   Thumb Code    42  uart3.o(i.show_uart)
    song_task                                0x080017e5   Thumb Code    30  song.o(i.song_task)
    start_task                               0x0800180d   Thumb Code    60  main.o(i.start_task)
    systemInit                               0x0800186d   Thumb Code    36  system.o(i.systemInit)
    uart3_init                               0x08001891   Thumb Code   168  uart3.o(i.uart3_init)
    usart3_send                              0x08001941   Thumb Code    14  uart3.o(i.usart3_send)
    uxListRemove                             0x08001955   Thumb Code    38  list.o(i.uxListRemove)
    uxTaskGetNumberOfTasks                   0x0800197d   Thumb Code     6  tasks.o(i.uxTaskGetNumberOfTasks)
    vListInitialise                          0x08001989   Thumb Code    22  list.o(i.vListInitialise)
    vListInitialiseItem                      0x0800199f   Thumb Code     6  list.o(i.vListInitialiseItem)
    vListInsert                              0x080019a5   Thumb Code    48  list.o(i.vListInsert)
    vListInsertEnd                           0x080019d5   Thumb Code    24  list.o(i.vListInsertEnd)
    vPortEnterCritical                       0x080019ed   Thumb Code    32  port.o(i.vPortEnterCritical)
    vPortExitCritical                        0x08001a15   Thumb Code    16  port.o(i.vPortExitCritical)
    vPortFree                                0x08001a29   Thumb Code    64  heap_4.o(i.vPortFree)
    vPortSetupTimerInterrupt                 0x08001a6d   Thumb Code    32  port.o(i.vPortSetupTimerInterrupt)
    vPortValidateInterruptPriority           0x08001a91   Thumb Code    24  port.o(i.vPortValidateInterruptPriority)
    vQueueAddToRegistry                      0x08001aad   Thumb Code    54  queue.o(i.vQueueAddToRegistry)
    vQueueWaitForMessageRestricted           0x08001ae9   Thumb Code    68  queue.o(i.vQueueWaitForMessageRestricted)
    vTaskDelay                               0x08001b2d   Thumb Code    48  tasks.o(i.vTaskDelay)
    vTaskDelete                              0x08001b65   Thumb Code   144  tasks.o(i.vTaskDelete)
    vTaskInternalSetTimeOutState             0x08001c05   Thumb Code    12  tasks.o(i.vTaskInternalSetTimeOutState)
    vTaskMissedYield                         0x08001c15   Thumb Code     8  tasks.o(i.vTaskMissedYield)
    vTaskPlaceOnEventList                    0x08001c21   Thumb Code    30  tasks.o(i.vTaskPlaceOnEventList)
    vTaskPlaceOnEventListRestricted          0x08001c45   Thumb Code    58  tasks.o(i.vTaskPlaceOnEventListRestricted)
    vTaskStartScheduler                      0x08001c85   Thumb Code    72  tasks.o(i.vTaskStartScheduler)
    vTaskSuspendAll                          0x08001cdd   Thumb Code    10  tasks.o(i.vTaskSuspendAll)
    vTaskSwitchContext                       0x08001ced   Thumb Code    64  tasks.o(i.vTaskSwitchContext)
    xPortStartScheduler                      0x08001d35   Thumb Code   138  port.o(i.xPortStartScheduler)
    xPortSysTickHandler                      0x08001dd1   Thumb Code    38  port.o(i.xPortSysTickHandler)
    xQueueGenericCreate                      0x08001dfd   Thumb Code    84  queue.o(i.xQueueGenericCreate)
    xQueueGenericReset                       0x08001e51   Thumb Code   142  queue.o(i.xQueueGenericReset)
    xQueueGenericSend                        0x08001ee5   Thumb Code   276  queue.o(i.xQueueGenericSend)
    xQueueGenericSendFromISR                 0x08001ffd   Thumb Code   150  queue.o(i.xQueueGenericSendFromISR)
    xQueueReceive                            0x08002095   Thumb Code   238  queue.o(i.xQueueReceive)
    xTaskCheckForTimeOut                     0x08002189   Thumb Code    82  tasks.o(i.xTaskCheckForTimeOut)
    xTaskCreate                              0x080021e1   Thumb Code    92  tasks.o(i.xTaskCreate)
    xTaskGetSchedulerState                   0x0800223d   Thumb Code    22  tasks.o(i.xTaskGetSchedulerState)
    xTaskGetTickCount                        0x08002259   Thumb Code     6  tasks.o(i.xTaskGetTickCount)
    xTaskIncrementTick                       0x08002265   Thumb Code   268  tasks.o(i.xTaskIncrementTick)
    xTaskPriorityDisinherit                  0x08002379   Thumb Code   134  tasks.o(i.xTaskPriorityDisinherit)
    xTaskRemoveFromEventList                 0x08002409   Thumb Code   190  tasks.o(i.xTaskRemoveFromEventList)
    xTaskResumeAll                           0x080024d5   Thumb Code   264  tasks.o(i.xTaskResumeAll)
    xTimerCreate                             0x080025ed   Thumb Code    74  timers.o(i.xTimerCreate)
    xTimerCreateTimerTask                    0x08002639   Thumb Code    44  timers.o(i.xTimerCreateTimerTask)
    xTimerGenericCommand                     0x08002675   Thumb Code    74  timers.o(i.xTimerGenericCommand)
    _fp_init                                 0x080026c5   Thumb Code    10  fpinit.o(x$fpl$fpinit)
    __fplib_config_fpu_vfp                   0x080026cd   Thumb Code     0  fpinit.o(x$fpl$fpinit)
    __fplib_config_pureend_doubles           0x080026cd   Thumb Code     0  fpinit.o(x$fpl$fpinit)
    oled_asc2_1206                           0x080026ce   Data        1140  oled.o(.constdata)
    oled_asc2_1608                           0x08002b42   Data        1520  oled.o(.constdata)
    Region$$Table$$Base                      0x080031a0   Number         0  anon$$obj.o(Region$$Table)
    Region$$Table$$Limit                     0x080031c0   Number         0  anon$$obj.o(Region$$Table)
    baud_rate                                0x20000000   Data           4  main.o(.data)
    StartTask_Handler                        0x20000004   Data           4  main.o(.data)
    xAutoTimer                               0x20000008   Data           4  main.o(.data)
    SystemCoreClock                          0x20000014   Data           4  system_stm32f4xx.o(.data)
    AHBPrescTable                            0x20000018   Data          16  system_stm32f4xx.o(.data)
    Led_Count                                0x20000038   Data           4  led.o(.data)
    pxCurrentTCB                             0x2000007c   Data           4  tasks.o(.data)
    uxTopUsedPriority                        0x200000ac   Data           4  tasks.o(.data)
    OLED_GRAM                                0x200000f8   Data        1024  oled.o(.bss)
    xQueueRegistry                           0x200004f8   Data          64  queue.o(.bss)
    __libspace_start                         0x20005844   Data          96  libspace.o(.bss)
    __temporary_stack_top$libspace           0x200058a4   Data           0  libspace.o(.bss)



==============================================================================

Memory Map of the image

  Image Entry point : 0x08000189

  Load Region LR_IROM1 (Base: 0x08000000, Size: 0x000032b8, Max: 0x00080000, ABSOLUTE)

    Execution Region ER_IROM1 (Exec base: 0x08000000, Load base: 0x08000000, Size: 0x000031c0, Max: 0x00080000, ABSOLUTE)

    Exec Addr    Load Addr    Size         Type   Attr      Idx    E Section Name        Object

    0x08000000   0x08000000   0x00000188   Data   RO          446    RESET               startup_stm32f40_41xxx.o
    0x08000188   0x08000188   0x00000008   Code   RO         3686  * !!!main             c_w.l(__main.o)
    0x08000190   0x08000190   0x00000034   Code   RO         3858    !!!scatter          c_w.l(__scatter.o)
    0x080001c4   0x080001c4   0x0000001a   Code   RO         3860    !!handler_copy      c_w.l(__scatter_copy.o)
    0x080001de   0x080001de   0x00000002   PAD
    0x080001e0   0x080001e0   0x0000001c   Code   RO         3862    !!handler_zi        c_w.l(__scatter_zi.o)
    0x080001fc   0x080001fc   0x00000002   Code   RO         3726    .ARM.Collect$$libinit$$00000000  c_w.l(libinit.o)
    0x080001fe   0x080001fe   0x00000004   Code   RO         3732    .ARM.Collect$$libinit$$00000001  c_w.l(libinit2.o)
    0x08000202   0x08000202   0x00000000   Code   RO         3735    .ARM.Collect$$libinit$$00000004  c_w.l(libinit2.o)
    0x08000202   0x08000202   0x00000000   Code   RO         3738    .ARM.Collect$$libinit$$0000000A  c_w.l(libinit2.o)
    0x08000202   0x08000202   0x00000000   Code   RO         3740    .ARM.Collect$$libinit$$0000000C  c_w.l(libinit2.o)
    0x08000202   0x08000202   0x00000000   Code   RO         3742    .ARM.Collect$$libinit$$0000000E  c_w.l(libinit2.o)
    0x08000202   0x08000202   0x00000000   Code   RO         3745    .ARM.Collect$$libinit$$00000011  c_w.l(libinit2.o)
    0x08000202   0x08000202   0x00000000   Code   RO         3747    .ARM.Collect$$libinit$$00000013  c_w.l(libinit2.o)
    0x08000202   0x08000202   0x00000000   Code   RO         3749    .ARM.Collect$$libinit$$00000015  c_w.l(libinit2.o)
    0x08000202   0x08000202   0x00000000   Code   RO         3751    .ARM.Collect$$libinit$$00000017  c_w.l(libinit2.o)
    0x08000202   0x08000202   0x00000000   Code   RO         3753    .ARM.Collect$$libinit$$00000019  c_w.l(libinit2.o)
    0x08000202   0x08000202   0x00000000   Code   RO         3755    .ARM.Collect$$libinit$$0000001B  c_w.l(libinit2.o)
    0x08000202   0x08000202   0x00000000   Code   RO         3757    .ARM.Collect$$libinit$$0000001D  c_w.l(libinit2.o)
    0x08000202   0x08000202   0x00000000   Code   RO         3759    .ARM.Collect$$libinit$$0000001F  c_w.l(libinit2.o)
    0x08000202   0x08000202   0x00000000   Code   RO         3761    .ARM.Collect$$libinit$$00000021  c_w.l(libinit2.o)
    0x08000202   0x08000202   0x00000000   Code   RO         3763    .ARM.Collect$$libinit$$00000023  c_w.l(libinit2.o)
    0x08000202   0x08000202   0x00000000   Code   RO         3765    .ARM.Collect$$libinit$$00000025  c_w.l(libinit2.o)
    0x08000202   0x08000202   0x00000000   Code   RO         3769    .ARM.Collect$$libinit$$0000002C  c_w.l(libinit2.o)
    0x08000202   0x08000202   0x00000000   Code   RO         3771    .ARM.Collect$$libinit$$0000002E  c_w.l(libinit2.o)
    0x08000202   0x08000202   0x00000000   Code   RO         3773    .ARM.Collect$$libinit$$00000030  c_w.l(libinit2.o)
    0x08000202   0x08000202   0x00000000   Code   RO         3775    .ARM.Collect$$libinit$$00000032  c_w.l(libinit2.o)
    0x08000202   0x08000202   0x00000002   Code   RO         3776    .ARM.Collect$$libinit$$00000033  c_w.l(libinit2.o)
    0x08000204   0x08000204   0x00000002   Code   RO         3796    .ARM.Collect$$libshutdown$$00000000  c_w.l(libshutdown.o)
    0x08000206   0x08000206   0x00000000   Code   RO         3809    .ARM.Collect$$libshutdown$$00000002  c_w.l(libshutdown2.o)
    0x08000206   0x08000206   0x00000000   Code   RO         3811    .ARM.Collect$$libshutdown$$00000004  c_w.l(libshutdown2.o)
    0x08000206   0x08000206   0x00000000   Code   RO         3813    .ARM.Collect$$libshutdown$$00000006  c_w.l(libshutdown2.o)
    0x08000206   0x08000206   0x00000000   Code   RO         3816    .ARM.Collect$$libshutdown$$00000009  c_w.l(libshutdown2.o)
    0x08000206   0x08000206   0x00000000   Code   RO         3819    .ARM.Collect$$libshutdown$$0000000C  c_w.l(libshutdown2.o)
    0x08000206   0x08000206   0x00000000   Code   RO         3821    .ARM.Collect$$libshutdown$$0000000E  c_w.l(libshutdown2.o)
    0x08000206   0x08000206   0x00000000   Code   RO         3824    .ARM.Collect$$libshutdown$$00000011  c_w.l(libshutdown2.o)
    0x08000206   0x08000206   0x00000002   Code   RO         3825    .ARM.Collect$$libshutdown$$00000012  c_w.l(libshutdown2.o)
    0x08000208   0x08000208   0x00000000   Code   RO         3688    .ARM.Collect$$rtentry$$00000000  c_w.l(__rtentry.o)
    0x08000208   0x08000208   0x00000000   Code   RO         3701    .ARM.Collect$$rtentry$$00000002  c_w.l(__rtentry2.o)
    0x08000208   0x08000208   0x00000006   Code   RO         3713    .ARM.Collect$$rtentry$$00000004  c_w.l(__rtentry4.o)
    0x0800020e   0x0800020e   0x00000000   Code   RO         3703    .ARM.Collect$$rtentry$$00000009  c_w.l(__rtentry2.o)
    0x0800020e   0x0800020e   0x00000004   Code   RO         3704    .ARM.Collect$$rtentry$$0000000A  c_w.l(__rtentry2.o)
    0x08000212   0x08000212   0x00000000   Code   RO         3706    .ARM.Collect$$rtentry$$0000000C  c_w.l(__rtentry2.o)
    0x08000212   0x08000212   0x00000008   Code   RO         3707    .ARM.Collect$$rtentry$$0000000D  c_w.l(__rtentry2.o)
    0x0800021a   0x0800021a   0x00000002   Code   RO         3730    .ARM.Collect$$rtexit$$00000000  c_w.l(rtexit.o)
    0x0800021c   0x0800021c   0x00000000   Code   RO         3778    .ARM.Collect$$rtexit$$00000002  c_w.l(rtexit2.o)
    0x0800021c   0x0800021c   0x00000004   Code   RO         3779    .ARM.Collect$$rtexit$$00000003  c_w.l(rtexit2.o)
    0x08000220   0x08000220   0x00000006   Code   RO         3780    .ARM.Collect$$rtexit$$00000004  c_w.l(rtexit2.o)
    0x08000226   0x08000226   0x00000002   PAD
    0x08000228   0x08000228   0x000000be   Code   RO         3551    .emb_text           port.o
    0x080002e6   0x080002e6   0x00000002   PAD
    0x080002e8   0x080002e8   0x00000040   Code   RO          447    .text               startup_stm32f40_41xxx.o
    0x08000328   0x08000328   0x0000008a   Code   RO         3676    .text               c_w.l(rt_memcpy_v6.o)
    0x080003b2   0x080003b2   0x00000010   Code   RO         3678    .text               c_w.l(aeabi_memset.o)
    0x080003c2   0x080003c2   0x00000044   Code   RO         3680    .text               c_w.l(rt_memclr.o)
    0x08000406   0x08000406   0x0000004e   Code   RO         3682    .text               c_w.l(rt_memclr_w.o)
    0x08000454   0x08000454   0x00000006   Code   RO         3684    .text               c_w.l(heapauxi.o)
    0x0800045a   0x0800045a   0x00000064   Code   RO         3698    .text               c_w.l(rt_memcpy_w.o)
    0x080004be   0x080004be   0x0000004a   Code   RO         3717    .text               c_w.l(sys_stackheap_outer.o)
    0x08000508   0x08000508   0x00000012   Code   RO         3719    .text               c_w.l(exit.o)
    0x0800051a   0x0800051a   0x00000002   PAD
    0x0800051c   0x0800051c   0x00000008   Code   RO         3727    .text               c_w.l(libspace.o)
    0x08000524   0x08000524   0x0000000c   Code   RO         3788    .text               c_w.l(sys_exit.o)
    0x08000530   0x08000530   0x00000002   Code   RO         3799    .text               c_w.l(use_no_semi.o)
    0x08000532   0x08000532   0x00000000   Code   RO         3801    .text               c_w.l(indicate_semi.o)
    0x08000532   0x08000532   0x00000002   PAD
    0x08000534   0x08000534   0x00000040   Code   RO         2219    i.BUZZER_Init       buzzer.o
    0x08000574   0x08000574   0x00000002   Code   RO          327    i.BusFault_Handler  stm32f4xx_it.o
    0x08000576   0x08000576   0x00000002   PAD
    0x08000578   0x08000578   0x00000030   Code   RO         2251    i.Button_Init       song.o
    0x080005a8   0x080005a8   0x00000002   Code   RO          328    i.DebugMon_Handler  stm32f4xx_it.o
    0x080005aa   0x080005aa   0x00000078   Code   RO         1925    i.GPIO_Init         stm32f4xx_gpio.o
    0x08000622   0x08000622   0x00000020   Code   RO         1926    i.GPIO_PinAFConfig  stm32f4xx_gpio.o
    0x08000642   0x08000642   0x0000000e   Code   RO         1929    i.GPIO_ReadInputDataBit  stm32f4xx_gpio.o
    0x08000650   0x08000650   0x00000004   Code   RO         1932    i.GPIO_ResetBits    stm32f4xx_gpio.o
    0x08000654   0x08000654   0x00000004   Code   RO         1933    i.GPIO_SetBits      stm32f4xx_gpio.o
    0x08000658   0x08000658   0x00000002   Code   RO          329    i.HardFault_Handler  stm32f4xx_it.o
    0x0800065a   0x0800065a   0x00000002   PAD
    0x0800065c   0x0800065c   0x00000040   Code   RO         2066    i.LED_Init          led.o
    0x0800069c   0x0800069c   0x00000002   Code   RO          330    i.MemManage_Handler  stm32f4xx_it.o
    0x0800069e   0x0800069e   0x00000002   Code   RO          331    i.NMI_Handler       stm32f4xx_it.o
    0x080006a0   0x080006a0   0x00000064   Code   RO         2022    i.NVIC_Init         misc.o
    0x08000704   0x08000704   0x00000014   Code   RO         2023    i.NVIC_PriorityGroupConfig  misc.o
    0x08000718   0x08000718   0x0000002c   Code   RO         2098    i.OLED_Clear        oled.o
    0x08000744   0x08000744   0x0000003c   Code   RO         2101    i.OLED_DrawPoint    oled.o
    0x08000780   0x08000780   0x00000130   Code   RO         2102    i.OLED_Init         oled.o
    0x080008b0   0x080008b0   0x00000048   Code   RO         2103    i.OLED_Refresh_Gram  oled.o
    0x080008f8   0x080008f8   0x00000084   Code   RO         2104    i.OLED_ShowChar     oled.o
    0x0800097c   0x0800097c   0x00000044   Code   RO         2107    i.OLED_WR_Byte      oled.o
    0x080009c0   0x080009c0   0x0000000c   Code   RO         1802    i.PWR_BackupAccessCmd  stm32f4xx_pwr.o
    0x080009cc   0x080009cc   0x00000018   Code   RO         1468    i.RCC_AHB1PeriphClockCmd  stm32f4xx_rcc.o
    0x080009e4   0x080009e4   0x00000018   Code   RO         1477    i.RCC_APB1PeriphClockCmd  stm32f4xx_rcc.o
    0x080009fc   0x080009fc   0x00000090   Code   RO         1489    i.RCC_GetClocksFreq  stm32f4xx_rcc.o
    0x08000a8c   0x08000a8c   0x0000001c   Code   RO         1498    i.RCC_LSEConfig     stm32f4xx_rcc.o
    0x08000aa8   0x08000aa8   0x000000b4   Code   RO          409    i.SetSysClock       system_stm32f4xx.o
    0x08000b5c   0x08000b5c   0x00000018   Code   RO         2026    i.SysTick_CLKSourceConfig  misc.o
    0x08000b74   0x08000b74   0x00000014   Code   RO          228    i.SysTick_Handler   delay.o
    0x08000b88   0x08000b88   0x0000005c   Code   RO          411    i.SystemInit        system_stm32f4xx.o
    0x08000be4   0x08000be4   0x00000034   Code   RO         2311    i.USART3_IRQHandler  uart3.o
    0x08000c18   0x08000c18   0x00000014   Code   RO         1228    i.USART_Cmd         stm32f4xx_usart.o
    0x08000c2c   0x08000c2c   0x0000003e   Code   RO         1232    i.USART_GetITStatus  stm32f4xx_usart.o
    0x08000c6a   0x08000c6a   0x00000030   Code   RO         1234    i.USART_ITConfig    stm32f4xx_usart.o
    0x08000c9a   0x08000c9a   0x00000002   PAD
    0x08000c9c   0x08000c9c   0x000000ac   Code   RO         1235    i.USART_Init        stm32f4xx_usart.o
    0x08000d48   0x08000d48   0x00000008   Code   RO         1242    i.USART_ReceiveData  stm32f4xx_usart.o
    0x08000d50   0x08000d50   0x00000002   Code   RO          332    i.UsageFault_Handler  stm32f4xx_it.o
    0x08000d52   0x08000d52   0x00000002   PAD
    0x08000d54   0x08000d54   0x00000038   Code   RO          229    i.delay_init        delay.o
    0x08000d8c   0x08000d8c   0x00000038   Code   RO          230    i.delay_ms          delay.o
    0x08000dc4   0x08000dc4   0x00000034   Code   RO          231    i.delay_us          delay.o
    0x08000df8   0x08000df8   0x0000001a   Code   RO          232    i.delay_xms         delay.o
    0x08000e12   0x08000e12   0x00000014   Code   RO         2252    i.getDuration       song.o
    0x08000e26   0x08000e26   0x00000002   PAD
    0x08000e28   0x08000e28   0x0000002c   Code   RO         2253    i.getNote           song.o
    0x08000e54   0x08000e54   0x00000020   Code   RO         2254    i.getPause          song.o
    0x08000e74   0x08000e74   0x00000020   Code   RO         2067    i.led_task          led.o
    0x08000e94   0x08000e94   0x00000078   Code   RO            3    i.main              main.o
    0x08000f0c   0x08000f0c   0x00000050   Code   RO         2255    i.playNote          song.o
    0x08000f5c   0x08000f5c   0x0000003e   Code   RO         2256    i.playSong          song.o
    0x08000f9a   0x08000f9a   0x00000002   PAD
    0x08000f9c   0x08000f9c   0x00000088   Code   RO         2946    i.prvAddCurrentTaskToDelayedList  tasks.o
    0x08001024   0x08001024   0x000000f0   Code   RO         2947    i.prvAddNewTaskToReadyList  tasks.o
    0x08001114   0x08001114   0x00000050   Code   RO         3321    i.prvCheckForValidListAndQueue  timers.o
    0x08001164   0x08001164   0x00000026   Code   RO         2550    i.prvCopyDataFromQueue  queue.o
    0x0800118a   0x0800118a   0x0000006c   Code   RO         2551    i.prvCopyDataToQueue  queue.o
    0x080011f6   0x080011f6   0x00000014   Code   RO         2948    i.prvDeleteTCB      tasks.o
    0x0800120a   0x0800120a   0x00000002   PAD
    0x0800120c   0x0800120c   0x00000044   Code   RO         3482    i.prvHeapInit       heap_4.o
    0x08001250   0x08001250   0x0000005c   Code   RO         2949    i.prvIdleTask       tasks.o
    0x080012ac   0x080012ac   0x00000084   Code   RO         2950    i.prvInitialiseNewTask  tasks.o
    0x08001330   0x08001330   0x0000004c   Code   RO         3483    i.prvInsertBlockIntoFreeList  heap_4.o
    0x0800137c   0x0800137c   0x00000038   Code   RO         3322    i.prvInsertTimerInActiveList  timers.o
    0x080013b4   0x080013b4   0x0000001a   Code   RO         2552    i.prvIsQueueEmpty   queue.o
    0x080013ce   0x080013ce   0x0000004e   Code   RO         2553    i.prvNotifyQueueSetContainer  queue.o
    0x0800141c   0x0800141c   0x00000040   Code   RO         3323    i.prvProcessExpiredTimer  timers.o
    0x0800145c   0x0800145c   0x000000e4   Code   RO         3324    i.prvProcessReceivedCommands  timers.o
    0x08001540   0x08001540   0x0000006c   Code   RO         3325    i.prvProcessTimerOrBlockTask  timers.o
    0x080015ac   0x080015ac   0x00000028   Code   RO         3326    i.prvReloadTimer    timers.o
    0x080015d4   0x080015d4   0x0000001c   Code   RO         2952    i.prvResetNextTaskUnblockTime  tasks.o
    0x080015f0   0x080015f0   0x00000048   Code   RO         3327    i.prvSampleTimeNow  timers.o
    0x08001638   0x08001638   0x00000010   Code   RO         3552    i.prvTaskExitError  port.o
    0x08001648   0x08001648   0x00000028   Code   RO         3328    i.prvTimerTask      timers.o
    0x08001670   0x08001670   0x00000076   Code   RO         2554    i.prvUnlockQueue    queue.o
    0x080016e6   0x080016e6   0x00000002   PAD
    0x080016e8   0x080016e8   0x00000098   Code   RO         3485    i.pvPortMalloc      heap_4.o
    0x08001780   0x08001780   0x0000002c   Code   RO         3553    i.pxPortInitialiseStack  port.o
    0x080017ac   0x080017ac   0x00000038   Code   RO         2312    i.show_uart         uart3.o
    0x080017e4   0x080017e4   0x00000028   Code   RO         2257    i.song_task         song.o
    0x0800180c   0x0800180c   0x00000060   Code   RO            4    i.start_task        main.o
    0x0800186c   0x0800186c   0x00000024   Code   RO          304    i.systemInit        system.o
    0x08001890   0x08001890   0x000000b0   Code   RO         2313    i.uart3_init        uart3.o
    0x08001940   0x08001940   0x00000014   Code   RO         2314    i.usart3_send       uart3.o
    0x08001954   0x08001954   0x00000026   Code   RO         2502    i.uxListRemove      list.o
    0x0800197a   0x0800197a   0x00000002   PAD
    0x0800197c   0x0800197c   0x0000000c   Code   RO         2957    i.uxTaskGetNumberOfTasks  tasks.o
    0x08001988   0x08001988   0x00000016   Code   RO         2503    i.vListInitialise   list.o
    0x0800199e   0x0800199e   0x00000006   Code   RO         2504    i.vListInitialiseItem  list.o
    0x080019a4   0x080019a4   0x00000030   Code   RO         2505    i.vListInsert       list.o
    0x080019d4   0x080019d4   0x00000018   Code   RO         2506    i.vListInsertEnd    list.o
    0x080019ec   0x080019ec   0x00000028   Code   RO         3555    i.vPortEnterCritical  port.o
    0x08001a14   0x08001a14   0x00000014   Code   RO         3556    i.vPortExitCritical  port.o
    0x08001a28   0x08001a28   0x00000044   Code   RO         3486    i.vPortFree         heap_4.o
    0x08001a6c   0x08001a6c   0x00000024   Code   RO         3557    i.vPortSetupTimerInterrupt  port.o
    0x08001a90   0x08001a90   0x0000001c   Code   RO         3558    i.vPortValidateInterruptPriority  port.o
    0x08001aac   0x08001aac   0x0000003c   Code   RO         2560    i.vQueueAddToRegistry  queue.o
    0x08001ae8   0x08001ae8   0x00000044   Code   RO         2564    i.vQueueWaitForMessageRestricted  queue.o
    0x08001b2c   0x08001b2c   0x00000038   Code   RO         2963    i.vTaskDelay        tasks.o
    0x08001b64   0x08001b64   0x000000a0   Code   RO         2964    i.vTaskDelete       tasks.o
    0x08001c04   0x08001c04   0x00000010   Code   RO         2968    i.vTaskInternalSetTimeOutState  tasks.o
    0x08001c14   0x08001c14   0x0000000c   Code   RO         2970    i.vTaskMissedYield  tasks.o
    0x08001c20   0x08001c20   0x00000024   Code   RO         2971    i.vTaskPlaceOnEventList  tasks.o
    0x08001c44   0x08001c44   0x00000040   Code   RO         2972    i.vTaskPlaceOnEventListRestricted  tasks.o
    0x08001c84   0x08001c84   0x00000058   Code   RO         2980    i.vTaskStartScheduler  tasks.o
    0x08001cdc   0x08001cdc   0x00000010   Code   RO         2982    i.vTaskSuspendAll   tasks.o
    0x08001cec   0x08001cec   0x00000048   Code   RO         2983    i.vTaskSwitchContext  tasks.o
    0x08001d34   0x08001d34   0x0000009c   Code   RO         3559    i.xPortStartScheduler  port.o
    0x08001dd0   0x08001dd0   0x0000002c   Code   RO         3560    i.xPortSysTickHandler  port.o
    0x08001dfc   0x08001dfc   0x00000054   Code   RO         2569    i.xQueueGenericCreate  queue.o
    0x08001e50   0x08001e50   0x00000094   Code   RO         2570    i.xQueueGenericReset  queue.o
    0x08001ee4   0x08001ee4   0x00000118   Code   RO         2571    i.xQueueGenericSend  queue.o
    0x08001ffc   0x08001ffc   0x00000096   Code   RO         2572    i.xQueueGenericSendFromISR  queue.o
    0x08002092   0x08002092   0x00000002   PAD
    0x08002094   0x08002094   0x000000f4   Code   RO         2579    i.xQueueReceive     queue.o
    0x08002188   0x08002188   0x00000058   Code   RO         2985    i.xTaskCheckForTimeOut  tasks.o
    0x080021e0   0x080021e0   0x0000005c   Code   RO         2986    i.xTaskCreate       tasks.o
    0x0800223c   0x0800223c   0x0000001c   Code   RO         2993    i.xTaskGetSchedulerState  tasks.o
    0x08002258   0x08002258   0x0000000c   Code   RO         2994    i.xTaskGetTickCount  tasks.o
    0x08002264   0x08002264   0x00000114   Code   RO         2996    i.xTaskIncrementTick  tasks.o
    0x08002378   0x08002378   0x00000090   Code   RO         2997    i.xTaskPriorityDisinherit  tasks.o
    0x08002408   0x08002408   0x000000cc   Code   RO         2999    i.xTaskRemoveFromEventList  tasks.o
    0x080024d4   0x080024d4   0x00000118   Code   RO         3000    i.xTaskResumeAll    tasks.o
    0x080025ec   0x080025ec   0x0000004a   Code   RO         3335    i.xTimerCreate      timers.o
    0x08002636   0x08002636   0x00000002   PAD
    0x08002638   0x08002638   0x0000003c   Code   RO         3336    i.xTimerCreateTimerTask  timers.o
    0x08002674   0x08002674   0x00000050   Code   RO         3337    i.xTimerGenericCommand  timers.o
    0x080026c4   0x080026c4   0x0000000a   Code   RO         3786    x$fpl$fpinit        fz_wm.l(fpinit.o)
    0x080026ce   0x080026ce   0x00000a64   Data   RO         2110    .constdata          oled.o
    0x08003132   0x08003132   0x00000002   PAD
    0x08003134   0x08003134   0x00000069   Data   RO         2258    .conststring        song.o
    0x0800319d   0x0800319d   0x00000003   PAD
    0x080031a0   0x080031a0   0x00000020   Data   RO         3856    Region$$Table       anon$$obj.o


    Execution Region RW_IRAM1 (Exec base: 0x20000000, Load base: 0x080031c0, Size: 0x00005ea8, Max: 0x00020000, ABSOLUTE)

    Exec Addr    Load Addr    Size         Type   Attr      Idx    E Section Name        Object

    0x20000000   0x080031c0   0x0000000c   Data   RW            5    .data               main.o
    0x2000000c   0x080031cc   0x00000008   Data   RW          234    .data               delay.o
    0x20000014   0x080031d4   0x00000014   Data   RW          412    .data               system_stm32f4xx.o
    0x20000028   0x080031e8   0x00000010   Data   RW         1521    .data               stm32f4xx_rcc.o
    0x20000038   0x080031f8   0x00000004   Data   RW         2068    .data               led.o
    0x2000003c   0x080031fc   0x00000040   Data   RW         2259    .data               song.o
    0x2000007c   0x0800323c   0x00000040   Data   RW         3003    .data               tasks.o
    0x200000bc   0x0800327c   0x00000014   Data   RW         3346    .data               timers.o
    0x200000d0   0x08003290   0x0000001c   Data   RW         3492    .data               heap_4.o
    0x200000ec   0x080032ac   0x0000000c   Data   RW         3561    .data               port.o
    0x200000f8        -       0x00000400   Zero   RW         2109    .bss                oled.o
    0x200004f8        -       0x00000040   Zero   RW         2586    .bss                queue.o
    0x20000538        -       0x000002e4   Zero   RW         3002    .bss                tasks.o
    0x2000081c        -       0x00000028   Zero   RW         3345    .bss                timers.o
    0x20000844        -       0x00005000   Zero   RW         3491    .bss                heap_4.o
    0x20005844        -       0x00000060   Zero   RW         3728    .bss                c_w.l(libspace.o)
    0x200058a4   0x080032b8   0x00000004   PAD
    0x200058a8        -       0x00000200   Zero   RW          445    HEAP                startup_stm32f40_41xxx.o
    0x20005aa8        -       0x00000400   Zero   RW          444    STACK               startup_stm32f40_41xxx.o


==============================================================================

Image component sizes


      Code (inc. data)   RO Data    RW Data    ZI Data      Debug   Object Name

        64          6          0          0          0        510   buzzer.o
       210         16          0          8          0       3049   delay.o
         0          0          0          0          0      14488   event_groups.o
       364         22          0         28      20480       4651   heap_4.o
        96         16          0          4          0       1202   led.o
       138          0          0          0          0       3210   list.o
       216         70          0         12          0     282026   main.o
       144         14          0          0          0       2117   misc.o
       680         42       2660          0       1024       4992   oled.o
       574         64          0         12          0      10249   port.o
      1402         22          0          0         64      16242   queue.o
       326         24        105         64          0       4547   song.o
        64         26        392          0       1536        820   startup_stm32f40_41xxx.o
       174          0          0          0          0       3547   stm32f4xx_gpio.o
        12          0          0          0          0       2657   stm32f4xx_it.o
        12          6          0          0          0        530   stm32f4xx_pwr.o
       220         30          0         16          0       4650   stm32f4xx_rcc.o
       310          8          0          0          0       4454   stm32f4xx_usart.o
        36          0          0          0          0        493   system.o
       272         36          0         20          0       1745   system_stm32f4xx.o
      2304        186          0         64        740      32865   tasks.o
       902         88          0         20         40      12548   timers.o
       304         34          0          0          0       2599   uart3.o

    ----------------------------------------------------------------------
      8848        710       3194        248      23884     414191   Object Totals
         0          0         32          0          0          0   (incl. Generated)
        24          0          5          0          0          0   (incl. Padding)

    ----------------------------------------------------------------------

      Code (inc. data)   RO Data    RW Data    ZI Data      Debug   Library Member Name

         8          0          0          0          0         68   __main.o
         0          0          0          0          0          0   __rtentry.o
        12          0          0          0          0          0   __rtentry2.o
         6          0          0          0          0          0   __rtentry4.o
        52          8          0          0          0          0   __scatter.o
        26          0          0          0          0          0   __scatter_copy.o
        28          0          0          0          0          0   __scatter_zi.o
        16          0          0          0          0         68   aeabi_memset.o
        18          0          0          0          0         80   exit.o
         6          0          0          0          0        152   heapauxi.o
         0          0          0          0          0          0   indicate_semi.o
         2          0          0          0          0          0   libinit.o
         6          0          0          0          0          0   libinit2.o
         2          0          0          0          0          0   libshutdown.o
         2          0          0          0          0          0   libshutdown2.o
         8          4          0          0         96         68   libspace.o
        68          0          0          0          0         68   rt_memclr.o
        78          0          0          0          0         80   rt_memclr_w.o
       138          0          0          0          0         68   rt_memcpy_v6.o
       100          0          0          0          0         80   rt_memcpy_w.o
         2          0          0          0          0          0   rtexit.o
        10          0          0          0          0          0   rtexit2.o
        12          4          0          0          0         68   sys_exit.o
        74          0          0          0          0         80   sys_stackheap_outer.o
         2          0          0          0          0         68   use_no_semi.o
        10          0          0          0          0        116   fpinit.o

    ----------------------------------------------------------------------
       694         16          0          0        100       1064   Library Totals
         8          0          0          0          4          0   (incl. Padding)

    ----------------------------------------------------------------------

      Code (inc. data)   RO Data    RW Data    ZI Data      Debug   Library Name

       676         16          0          0         96        948   c_w.l
        10          0          0          0          0        116   fz_wm.l

    ----------------------------------------------------------------------
       694         16          0          0        100       1064   Library Totals

    ----------------------------------------------------------------------

==============================================================================


      Code (inc. data)   RO Data    RW Data    ZI Data      Debug   

      9542        726       3194        248      23984     403639   Grand Totals
      9542        726       3194        248      23984     403639   ELF Image Totals
      9542        726       3194        248          0          0   ROM Totals

==============================================================================

    Total RO  Size (Code + RO Data)                12736 (  12.44kB)
    Total RW  Size (RW Data + ZI Data)             24232 (  23.66kB)
    Total ROM Size (Code + RO Data + RW Data)      12984 (  12.68kB)

==============================================================================

